Component: ARM Compiler 5.06 update 6 (build 750) Tool: armlink [4d35ed]

==============================================================================

Section Cross References

    main.o(i.AM21E_init) refers to bsp_gprs.o(i.GPRS_PowerOn) for GPRS_PowerOn
    main.o(i.AM21E_init) refers to bsp_gprs.o(i.AT_SendToCmdData) for AT_SendToCmdData
    main.o(i.AM21E_init) refers to printfa.o(i.__0printf) for __2printf
    main.o(i.AM21E_init) refers to bsp.o(.emb_text) for SystemReset
    main.o(i.AT_GetToGPSData) refers to bsp_gprs.o(i.GPRS_SendAT) for GPRS_SendAT
    main.o(i.AT_GetToGPSData) refers to bsp_timer.o(i.bsp_StartTimer) for bsp_StartTimer
    main.o(i.AT_GetToGPSData) refers to bsp_timer.o(i.bsp_CheckTimer) for bsp_CheckTimer
    main.o(i.AT_GetToGPSData) refers to bsp_gps.o(i.gps_pro) for gps_pro
    main.o(i.DispGPSStatus) refers to printfa.o(i.__0sprintf) for __2sprintf
    main.o(i.DispGPSStatus) refers to atof.o(i.atof) for atof
    main.o(i.DispGPSStatus) refers to ddiv.o(.text) for __aeabi_ddiv
    main.o(i.DispGPSStatus) refers to dfltui.o(.text) for __aeabi_ui2d
    main.o(i.DispGPSStatus) refers to dadd.o(.text) for __aeabi_dadd
    main.o(i.DispGPSStatus) refers to strlen.o(.text) for strlen
    main.o(i.DispGPSStatus) refers to memcpya.o(.text) for __aeabi_memcpy
    main.o(i.DispGPSStatus) refers to memseta.o(.text) for __aeabi_memclr4
    main.o(i.DispGPSStatus) refers to bsp_gps.o(.bss) for g_tGPS
    main.o(i.DispGPSStatus) refers to main.o(.bss) for .bss
    main.o(i.PrintfLogo) refers to printfa.o(i.__0printf) for __2printf
    main.o(i.bsp_InitGprsToAM21E) refers to main.o(.data) for .data
    main.o(i.bsp_InitGprsToAM21E) refers to main.o(.bss) for .bss
    main.o(i.main) refers to bsp.o(i.bsp_Init) for bsp_Init
    main.o(i.main) refers to main.o(i.PrintfLogo) for PrintfLogo
    main.o(i.main) refers to main.o(i.bsp_InitGprsToAM21E) for bsp_InitGprsToAM21E
    main.o(i.main) refers to main.o(i.AM21E_init) for AM21E_init
    main.o(i.main) refers to bsp.o(i.bsp_Idle) for bsp_Idle
    main.o(i.main) refers to bsp_uart_fifo.o(i.comGetChar) for comGetChar
    main.o(i.main) refers to bsp_uart_fifo.o(i.comSendBuf) for comSendBuf
    main.o(i.main) refers to bsp_gprs.o(i.GPRS_PrintRxData) for GPRS_PrintRxData
    main.o(i.main) refers to bsp_timer.o(i.bsp_CheckTimer) for bsp_CheckTimer
    main.o(i.main) refers to main.o(i.AT_GetToGPSData) for AT_GetToGPSData
    main.o(i.main) refers to main.o(i.DispGPSStatus) for DispGPSStatus
    main.o(i.main) refers to printfa.o(i.__0sprintf) for __2sprintf
    main.o(i.main) refers to strlen.o(.text) for strlen
    main.o(i.main) refers to am21e_tcp.o(i.SendToTCP) for SendToTCP
    main.o(i.main) refers to bsp_timer.o(i.bsp_StartTimer) for bsp_StartTimer
    main.o(i.main) refers to main.o(.bss) for .bss
    main.o(i.main) refers to main.o(.conststring) for .conststring
    bsp_key.o(i.bsp_ClearKey) refers to bsp_key.o(.bss) for .bss
    bsp_key.o(i.bsp_DetectKey) refers to bsp_key.o(i.bsp_PutKey) for bsp_PutKey
    bsp_key.o(i.bsp_DetectKey) refers to bsp_key.o(.bss) for .bss
    bsp_key.o(i.bsp_GetKey) refers to bsp_key.o(.bss) for .bss
    bsp_key.o(i.bsp_GetKey2) refers to bsp_key.o(.bss) for .bss
    bsp_key.o(i.bsp_GetKeyState) refers to bsp_key.o(.bss) for .bss
    bsp_key.o(i.bsp_InitKey) refers to bsp_key.o(i.bsp_InitKeyVar) for bsp_InitKeyVar
    bsp_key.o(i.bsp_InitKey) refers to bsp_key.o(i.bsp_InitKeyHard) for bsp_InitKeyHard
    bsp_key.o(i.bsp_InitKeyHard) refers to stm32f10x_rcc.o(i.RCC_APB2PeriphClockCmd) for RCC_APB2PeriphClockCmd
    bsp_key.o(i.bsp_InitKeyHard) refers to stm32f10x_gpio.o(i.GPIO_Init) for GPIO_Init
    bsp_key.o(i.bsp_InitKeyVar) refers to bsp_key.o(.bss) for .bss
    bsp_key.o(i.bsp_InitKeyVar) refers to bsp_key.o(i.IsKeyDown1) for IsKeyDown1
    bsp_key.o(i.bsp_InitKeyVar) refers to bsp_key.o(i.IsKeyDown2) for IsKeyDown2
    bsp_key.o(i.bsp_InitKeyVar) refers to bsp_key.o(i.IsKeyDown3) for IsKeyDown3
    bsp_key.o(i.bsp_InitKeyVar) refers to bsp_key.o(i.IsKeyDown4) for IsKeyDown4
    bsp_key.o(i.bsp_InitKeyVar) refers to bsp_key.o(i.IsKeyDown5) for IsKeyDown5
    bsp_key.o(i.bsp_InitKeyVar) refers to bsp_key.o(i.IsKeyDown6) for IsKeyDown6
    bsp_key.o(i.bsp_InitKeyVar) refers to bsp_key.o(i.IsKeyDown7) for IsKeyDown7
    bsp_key.o(i.bsp_InitKeyVar) refers to bsp_key.o(i.IsKeyDown8) for IsKeyDown8
    bsp_key.o(i.bsp_InitKeyVar) refers to bsp_key.o(i.IsKeyDown9) for IsKeyDown9
    bsp_key.o(i.bsp_InitKeyVar) refers to bsp_key.o(i.IsKeyDown10) for IsKeyDown10
    bsp_key.o(i.bsp_KeyScan) refers to bsp_key.o(i.bsp_DetectKey) for bsp_DetectKey
    bsp_key.o(i.bsp_PutKey) refers to bsp_key.o(.bss) for .bss
    bsp_key.o(i.bsp_SetKeyParam) refers to bsp_key.o(.bss) for .bss
    bsp_timer.o(i.SysTick_Handler) refers to bsp_timer.o(i.SysTick_ISR) for SysTick_ISR
    bsp_timer.o(i.SysTick_ISR) refers to bsp.o(i.bsp_RunPer1ms) for bsp_RunPer1ms
[...]
    Removing stm32f10x_gpio.o(i.GPIO_ReadOutputData), (6 bytes).
    Removing stm32f10x_gpio.o(i.GPIO_ReadOutputDataBit), (14 bytes).
    Removing stm32f10x_gpio.o(i.GPIO_ResetBits), (4 bytes).
    Removing stm32f10x_gpio.o(i.GPIO_SetBits), (4 bytes).
    Removing stm32f10x_gpio.o(i.GPIO_StructInit), (16 bytes).
    Removing stm32f10x_gpio.o(i.GPIO_Write), (4 bytes).
    Removing stm32f10x_gpio.o(i.GPIO_WriteBit), (10 bytes).
    Removing stm32f10x_rcc.o(.rev16_text), (4 bytes).
    Removing stm32f10x_rcc.o(.revsh_text), (4 bytes).
    Removing stm32f10x_rcc.o(i.RCC_ADCCLKConfig), (20 bytes).
    Removing stm32f10x_rcc.o(i.RCC_AHBPeriphClockCmd), (24 bytes).
    Removing stm32f10x_rcc.o(i.RCC_APB1PeriphResetCmd), (24 bytes).
    Removing stm32f10x_rcc.o(i.RCC_APB2PeriphResetCmd), (24 bytes).
    Removing stm32f10x_rcc.o(i.RCC_AdjustHSICalibrationValue), (20 bytes).
    Removing stm32f10x_rcc.o(i.RCC_BackupResetCmd), (12 bytes).
    Removing stm32f10x_rcc.o(i.RCC_ClearFlag), (16 bytes).
    Removing stm32f10x_rcc.o(i.RCC_ClearITPendingBit), (12 bytes).
    Removing stm32f10x_rcc.o(i.RCC_ClockSecuritySystemCmd), (12 bytes).
    Removing stm32f10x_rcc.o(i.RCC_DeInit), (64 bytes).
    Removing stm32f10x_rcc.o(i.RCC_GetFlagStatus), (48 bytes).
    Removing stm32f10x_rcc.o(i.RCC_GetITStatus), (20 bytes).
    Removing stm32f10x_rcc.o(i.RCC_GetSYSCLKSource), (16 bytes).
    Removing stm32f10x_rcc.o(i.RCC_HCLKConfig), (20 bytes).
    Removing stm32f10x_rcc.o(i.RCC_HSEConfig), (52 bytes).
    Removing stm32f10x_rcc.o(i.RCC_HSICmd), (12 bytes).
    Removing stm32f10x_rcc.o(i.RCC_ITConfig), (24 bytes).
    Removing stm32f10x_rcc.o(i.RCC_LSEConfig), (32 bytes).
    Removing stm32f10x_rcc.o(i.RCC_LSICmd), (12 bytes).
    Removing stm32f10x_rcc.o(i.RCC_MCOConfig), (12 bytes).
    Removing stm32f10x_rcc.o(i.RCC_PCLK1Config), (20 bytes).
    Removing stm32f10x_rcc.o(i.RCC_PCLK2Config), (20 bytes).
    Removing stm32f10x_rcc.o(i.RCC_PLLCmd), (12 bytes).
    Removing stm32f10x_rcc.o(i.RCC_PLLConfig), (20 bytes).
    Removing stm32f10x_rcc.o(i.RCC_RTCCLKCmd), (12 bytes).
    Removing stm32f10x_rcc.o(i.RCC_RTCCLKConfig), (16 bytes).
    Removing stm32f10x_rcc.o(i.RCC_SYSCLKConfig), (20 bytes).
    Removing stm32f10x_rcc.o(i.RCC_USBCLKConfig), (12 bytes).
    Removing stm32f10x_rcc.o(i.RCC_WaitForHSEStartUp), (44 bytes).
    Removing stm32f10x_tim.o(.rev16_text), (4 bytes).
    Removing stm32f10x_tim.o(.revsh_text), (4 bytes).
    Removing stm32f10x_tim.o(i.TI1_Config), (108 bytes).
    Removing stm32f10x_tim.o(i.TI2_Config), (124 bytes).
    Removing stm32f10x_tim.o(i.TIM_ARRPreloadConfig), (20 bytes).
    Removing stm32f10x_tim.o(i.TIM_BDTRConfig), (34 bytes).
    Removing stm32f10x_tim.o(i.TIM_BDTRStructInit), (18 bytes).
    Removing stm32f10x_tim.o(i.TIM_CCPreloadControl), (20 bytes).
    Removing stm32f10x_tim.o(i.TIM_CCxCmd), (22 bytes).
    Removing stm32f10x_tim.o(i.TIM_CCxNCmd), (22 bytes).
    Removing stm32f10x_tim.o(i.TIM_ClearFlag), (6 bytes).
    Removing stm32f10x_tim.o(i.TIM_ClearOC1Ref), (12 bytes).
    Removing stm32f10x_tim.o(i.TIM_ClearOC2Ref), (20 bytes).
    Removing stm32f10x_tim.o(i.TIM_ClearOC3Ref), (12 bytes).
    Removing stm32f10x_tim.o(i.TIM_ClearOC4Ref), (20 bytes).
    Removing stm32f10x_tim.o(i.TIM_CounterModeConfig), (12 bytes).
    Removing stm32f10x_tim.o(i.TIM_CtrlPWMOutputs), (22 bytes).
    Removing stm32f10x_tim.o(i.TIM_DMACmd), (16 bytes).
    Removing stm32f10x_tim.o(i.TIM_DMAConfig), (8 bytes).
    Removing stm32f10x_tim.o(i.TIM_DeInit), (368 bytes).
    Removing stm32f10x_tim.o(i.TIM_ETRClockMode1Config), (18 bytes).
    Removing stm32f10x_tim.o(i.TIM_ETRClockMode2Config), (18 bytes).
    Removing stm32f10x_tim.o(i.TIM_ETRConfig), (24 bytes).
    Removing stm32f10x_tim.o(i.TIM_EncoderInterfaceConfig), (50 bytes).
    Removing stm32f10x_tim.o(i.TIM_ForcedOC1Config), (12 bytes).
    Removing stm32f10x_tim.o(i.TIM_ForcedOC2Config), (20 bytes).
    Removing stm32f10x_tim.o(i.TIM_ForcedOC3Config), (12 bytes).
    Removing stm32f10x_tim.o(i.TIM_ForcedOC4Config), (20 bytes).
    Removing stm32f10x_tim.o(i.TIM_GenerateEvent), (4 bytes).
    Removing stm32f10x_tim.o(i.TIM_GetCapture1), (4 bytes).
    Removing stm32f10x_tim.o(i.TIM_GetCapture2), (4 bytes).
    Removing stm32f10x_tim.o(i.TIM_GetCapture3), (4 bytes).
    Removing stm32f10x_tim.o(i.TIM_GetCapture4), (6 bytes).
    Removing stm32f10x_tim.o(i.TIM_GetCounter), (4 bytes).
    Removing stm32f10x_tim.o(i.TIM_GetFlagStatus), (14 bytes).
    Removing stm32f10x_tim.o(i.TIM_GetPrescaler), (4 bytes).
    Removing stm32f10x_tim.o(i.TIM_ICInit), (300 bytes).
    Removing stm32f10x_tim.o(i.TIM_ICStructInit), (16 bytes).
    Removing stm32f10x_tim.o(i.TIM_ITRxExternalClockConfig), (18 bytes).
    Removing stm32f10x_tim.o(i.TIM_InternalClockConfig), (10 bytes).
    Removing stm32f10x_tim.o(i.TIM_OC1FastConfig), (12 bytes).
    Removing stm32f10x_tim.o(i.TIM_OC1Init), (128 bytes).
    Removing stm32f10x_tim.o(i.TIM_OC1NPolarityConfig), (12 bytes).
    Removing stm32f10x_tim.o(i.TIM_OC1PolarityConfig), (12 bytes).
    Removing stm32f10x_tim.o(i.TIM_OC1PreloadConfig), (12 bytes).
    Removing stm32f10x_tim.o(i.TIM_OC2FastConfig), (20 bytes).
    Removing stm32f10x_tim.o(i.TIM_OC2Init), (128 bytes).
    Removing stm32f10x_tim.o(i.TIM_OC2NPolarityConfig), (20 bytes).
    Removing stm32f10x_tim.o(i.TIM_OC2PolarityConfig), (20 bytes).
    Removing stm32f10x_tim.o(i.TIM_OC2PreloadConfig), (20 bytes).
    Removing stm32f10x_tim.o(i.TIM_OC3FastConfig), (12 bytes).
    Removing stm32f10x_tim.o(i.TIM_OC3Init), (124 bytes).
    Removing stm32f10x_tim.o(i.TIM_OC3NPolarityConfig), (20 bytes).
    Removing stm32f10x_tim.o(i.TIM_OC3PolarityConfig), (20 bytes).
    Removing stm32f10x_tim.o(i.TIM_OC3PreloadConfig), (12 bytes).
    Removing stm32f10x_tim.o(i.TIM_OC4FastConfig), (20 bytes).
    Removing stm32f10x_tim.o(i.TIM_OC4Init), (100 bytes).
    Removing stm32f10x_tim.o(i.TIM_OC4PolarityConfig), (20 bytes).
    Removing stm32f10x_tim.o(i.TIM_OC4PreloadConfig), (20 bytes).
    Removing stm32f10x_tim.o(i.TIM_OCStructInit), (20 bytes).
    Removing stm32f10x_tim.o(i.TIM_PWMIConfig), (108 bytes).
    Removing stm32f10x_tim.o(i.TIM_PrescalerConfig), (6 bytes).
    Removing stm32f10x_tim.o(i.TIM_SelectCCDMA), (20 bytes).
    Removing stm32f10x_tim.o(i.TIM_SelectCOM), (20 bytes).
    Removing stm32f10x_tim.o(i.TIM_SelectHallSensor), (20 bytes).
    Removing stm32f10x_tim.o(i.TIM_SelectInputTrigger), (12 bytes).
    Removing stm32f10x_tim.o(i.TIM_SelectMasterSlaveMode), (16 bytes).
    Removing stm32f10x_tim.o(i.TIM_SelectOCxM), (70 bytes).
    Removing stm32f10x_tim.o(i.TIM_SelectOnePulseMode), (16 bytes).
    Removing stm32f10x_tim.o(i.TIM_SelectOutputTrigger), (16 bytes).
    Removing stm32f10x_tim.o(i.TIM_SelectSlaveMode), (16 bytes).
    Removing stm32f10x_tim.o(i.TIM_SetAutoreload), (4 bytes).
    Removing stm32f10x_tim.o(i.TIM_SetClockDivision), (16 bytes).
    Removing stm32f10x_tim.o(i.TIM_SetCompare1), (4 bytes).
    Removing stm32f10x_tim.o(i.TIM_SetCompare2), (4 bytes).
    Removing stm32f10x_tim.o(i.TIM_SetCompare3), (4 bytes).
    Removing stm32f10x_tim.o(i.TIM_SetCompare4), (6 bytes).
    Removing stm32f10x_tim.o(i.TIM_SetCounter), (4 bytes).
    Removing stm32f10x_tim.o(i.TIM_SetIC1Prescaler), (16 bytes).
    Removing stm32f10x_tim.o(i.TIM_SetIC2Prescaler), (24 bytes).
    Removing stm32f10x_tim.o(i.TIM_SetIC3Prescaler), (16 bytes).
    Removing stm32f10x_tim.o(i.TIM_SetIC4Prescaler), (24 bytes).
    Removing stm32f10x_tim.o(i.TIM_TIxExternalClockConfig), (46 bytes).
    Removing stm32f10x_tim.o(i.TIM_TimeBaseStructInit), (18 bytes).
    Removing stm32f10x_tim.o(i.TIM_UpdateDisableConfig), (20 bytes).
    Removing stm32f10x_tim.o(i.TIM_UpdateRequestConfig), (20 bytes).
    Removing stm32f10x_usart.o(.rev16_text), (4 bytes).
    Removing stm32f10x_usart.o(.revsh_text), (4 bytes).
    Removing stm32f10x_usart.o(i.USART_ClearITPendingBit), (12 bytes).
    Removing stm32f10x_usart.o(i.USART_ClockInit), (30 bytes).
    Removing stm32f10x_usart.o(i.USART_ClockStructInit), (12 bytes).
    Removing stm32f10x_usart.o(i.USART_DMACmd), (16 bytes).
    Removing stm32f10x_usart.o(i.USART_DeInit), (116 bytes).
    Removing stm32f10x_usart.o(i.USART_GetFlagStatus), (14 bytes).
    Removing stm32f10x_usart.o(i.USART_HalfDuplexCmd), (20 bytes).
    Removing stm32f10x_usart.o(i.USART_IrDACmd), (20 bytes).
    Removing stm32f10x_usart.o(i.USART_IrDAConfig), (16 bytes).
    Removing stm32f10x_usart.o(i.USART_LINBreakDetectLengthConfig), (16 bytes).
    Removing stm32f10x_usart.o(i.USART_LINCmd), (20 bytes).
    Removing stm32f10x_usart.o(i.USART_OneBitMethodCmd), (20 bytes).
    Removing stm32f10x_usart.o(i.USART_OverSampling8Cmd), (20 bytes).
    Removing stm32f10x_usart.o(i.USART_ReceiverWakeUpCmd), (20 bytes).
    Removing stm32f10x_usart.o(i.USART_SendBreak), (10 bytes).
    Removing stm32f10x_usart.o(i.USART_SetAddress), (16 bytes).
    Removing stm32f10x_usart.o(i.USART_SetGuardTime), (16 bytes).
    Removing stm32f10x_usart.o(i.USART_SetPrescaler), (16 bytes).
    Removing stm32f10x_usart.o(i.USART_SmartCardCmd), (20 bytes).
    Removing stm32f10x_usart.o(i.USART_SmartCardNACKCmd), (20 bytes).
    Removing stm32f10x_usart.o(i.USART_StructInit), (22 bytes).
    Removing stm32f10x_usart.o(i.USART_WakeUpConfig), (16 bytes).
    Removing system_stm32f10x.o(.rev16_text), (4 bytes).
    Removing system_stm32f10x.o(.revsh_text), (4 bytes).
    Removing system_stm32f10x.o(i.SystemCoreClockUpdate), (100 bytes).

215 unused section(s) (total 7629 bytes) removed from the image.

==============================================================================

Image Symbol Table

    Local Symbols

    Symbol Name                              Value     Ov Type        Size  Object(Section)

    ../clib/microlib/ctype/ctype.c           0x00000000   Number         0  ctype_c.o ABSOLUTE
    ../clib/microlib/ctype/ctype.c           0x00000000   Number         0  isspace_c.o ABSOLUTE
    ../clib/microlib/division.c              0x00000000   Number         0  uidiv.o ABSOLUTE
    ../clib/microlib/division.c              0x00000000   Number         0  uldiv.o ABSOLUTE
    ../clib/microlib/errno.c                 0x00000000   Number         0  errno.o ABSOLUTE
    ../clib/microlib/init/entry.s            0x00000000   Number         0  entry2.o ABSOLUTE
    ../clib/microlib/init/entry.s            0x00000000   Number         0  entry8b.o ABSOLUTE
    ../clib/microlib/init/entry.s            0x00000000   Number         0  entry8a.o ABSOLUTE
    ../clib/microlib/init/entry.s            0x00000000   Number         0  entry.o ABSOLUTE
    ../clib/microlib/init/entry.s            0x00000000   Number         0  entry7b.o ABSOLUTE
    ../clib/microlib/init/entry.s            0x00000000   Number         0  entry7a.o ABSOLUTE
    ../clib/microlib/init/entry.s            0x00000000   Number         0  entry9a.o ABSOLUTE
    ../clib/microlib/init/entry.s            0x00000000   Number         0  entry5.o ABSOLUTE
    ../clib/microlib/init/entry.s            0x00000000   Number         0  entry10b.o ABSOLUTE
    ../clib/microlib/init/entry.s            0x00000000   Number         0  entry11b.o ABSOLUTE
    ../clib/microlib/init/entry.s            0x00000000   Number         0  entry11a.o ABSOLUTE
    ../clib/microlib/init/entry.s            0x00000000   Number         0  entry10a.o ABSOLUTE
    ../clib/microlib/init/entry.s            0x00000000   Number         0  entry9b.o ABSOLUTE
    ../clib/microlib/longlong.c              0x00000000   Number         0  llsshr.o ABSOLUTE
    ../clib/microlib/longlong.c              0x00000000   Number         0  llushr.o ABSOLUTE
    ../clib/microlib/longlong.c              0x00000000   Number         0  llshl.o ABSOLUTE
    ../clib/microlib/malloc/malloc.c         0x00000000   Number         0  mallocr.o ABSOLUTE
    ../clib/microlib/malloc/malloc.c         0x00000000   Number         0  mallocra.o ABSOLUTE
    ../clib/microlib/malloc/malloc.c         0x00000000   Number         0  malloc.o ABSOLUTE
    ../clib/microlib/malloc/malloc.c         0x00000000   Number         0  malloca.o ABSOLUTE
    ../clib/microlib/malloc/mvars.c          0x00000000   Number         0  mvars.o ABSOLUTE
    ../clib/microlib/printf/printf.c         0x00000000   Number         0  printf6.o ABSOLUTE
    ../clib/microlib/printf/printf.c         0x00000000   Number         0  printfb.o ABSOLUTE
    ../clib/microlib/printf/printf.c         0x00000000   Number         0  printf0.o ABSOLUTE
    ../clib/microlib/printf/printf.c         0x00000000   Number         0  printf1.o ABSOLUTE
    ../clib/microlib/printf/printf.c         0x00000000   Number         0  printf3.o ABSOLUTE
    ../clib/microlib/printf/printf.c         0x00000000   Number         0  printf4.o ABSOLUTE
    ../clib/microlib/printf/printf.c         0x00000000   Number         0  printf5.o ABSOLUTE
    ../clib/microlib/printf/printf.c         0x00000000   Number         0  printf7.o ABSOLUTE
    ../clib/microlib/printf/printf.c         0x00000000   Number         0  printf2.o ABSOLUTE
    ../clib/microlib/printf/printf.c         0x00000000   Number         0  printf8.o ABSOLUTE
    ../clib/microlib/printf/printf.c         0x00000000   Number         0  printfa.o ABSOLUTE
    ../clib/microlib/printf/stubs.s          0x00000000   Number         0  stubs.o ABSOLUTE
    ../clib/microlib/stdio/streams.c         0x00000000   Number         0  stdout.o ABSOLUTE
    ../clib/microlib/string/memcmp.c         0x00000000   Number         0  memcmp.o ABSOLUTE
    ../clib/microlib/string/memcpy.c         0x00000000   Number         0  memcpyb.o ABSOLUTE
    ../clib/microlib/string/memcpy.c         0x00000000   Number         0  memcpya.o ABSOLUTE
    ../clib/microlib/string/memset.c         0x00000000   Number         0  memseta.o ABSOLUTE
    ../clib/microlib/string/strchr.c         0x00000000   Number         0  strchr.o ABSOLUTE
    ../clib/microlib/string/strlen.c         0x00000000   Number         0  strlen.o ABSOLUTE
    ../clib/microlib/string/strstr.c         0x00000000   Number         0  strstr.o ABSOLUTE
    ../clib/microlib/stubs.s                 0x00000000   Number         0  iusefp.o ABSOLUTE
    ../clib/scanf.c                          0x00000000   Number         0  strtod.o ABSOLUTE
    ../clib/scanf.c                          0x00000000   Number         0  _sgetc.o ABSOLUTE
    ../clib/scanf.c                          0x00000000   Number         0  scanf_fp.o ABSOLUTE
    ../fplib/microlib/d2f.c                  0x00000000   Number         0  d2f.o ABSOLUTE
    ../fplib/microlib/fpadd.c                0x00000000   Number         0  dadd.o ABSOLUTE
    ../fplib/microlib/fpdiv.c                0x00000000   Number         0  ddiv.o ABSOLUTE
    ../fplib/microlib/fpepilogue.c           0x00000000   Number         0  fepilogue.o ABSOLUTE
    ../fplib/microlib/fpepilogue.c           0x00000000   Number         0  depilogue.o ABSOLUTE
    ../fplib/microlib/fpfix.c                0x00000000   Number         0  dfixul.o ABSOLUTE
    ../fplib/microlib/fpflt.c                0x00000000   Number         0  dfltul.o ABSOLUTE
    ../fplib/microlib/fpflt.c                0x00000000   Number         0  dfltui.o ABSOLUTE
    ../fplib/microlib/fpmul.c                0x00000000   Number         0  dmul.o ABSOLUTE
    ../mathlib/atof.c                        0x00000000   Number         0  atof.o ABSOLUTE
    ..\..\Libraries\CMSIS\Device\ST\STM32F10x\Source\Templates\arm\startup_stm32f10x_hd.s 0x00000000   Number         0  startup_stm32f10x_hd.o ABSOLUTE
    ..\..\Libraries\STM32F10x_StdPeriph_Driver\src\misc.c 0x00000000   Number         0  misc.o ABSOLUTE
    ..\..\Libraries\STM32F10x_StdPeriph_Driver\src\stm32f10x_gpio.c 0x00000000   Number         0  stm32f10x_gpio.o ABSOLUTE
    ..\..\Libraries\STM32F10x_StdPeriph_Driver\src\stm32f10x_rcc.c 0x00000000   Number         0  stm32f10x_rcc.o ABSOLUTE
    ..\..\Libraries\STM32F10x_StdPeriph_Driver\src\stm32f10x_tim.c 0x00000000   Number         0  stm32f10x_tim.o ABSOLUTE
    ..\..\Libraries\STM32F10x_StdPeriph_Driver\src\stm32f10x_usart.c 0x00000000   Number         0  stm32f10x_usart.o ABSOLUTE
    ..\..\User\app\src\main.c                0x00000000   Number         0  main.o ABSOLUTE
    ..\..\User\bsp\bsp.c                     0x00000000   Number         0  bsp.o ABSOLUTE
    ..\..\User\bsp\src\AM21E_HTTP.C          0x00000000   Number         0  am21e_http.o ABSOLUTE
    ..\..\User\bsp\src\AM21E_TCP.C           0x00000000   Number         0  am21e_tcp.o ABSOLUTE
    ..\..\User\bsp\src\bsp_GPRS.c            0x00000000   Number         0  bsp_gprs.o ABSOLUTE
    ..\..\User\bsp\src\bsp_gps.c             0x00000000   Number         0  bsp_gps.o ABSOLUTE
    ..\..\User\bsp\src\bsp_key.c             0x00000000   Number         0  bsp_key.o ABSOLUTE
    ..\..\User\bsp\src\bsp_timer.c           0x00000000   Number         0  bsp_timer.o ABSOLUTE
    ..\..\User\bsp\src\bsp_uart_fifo.c       0x00000000   Number         0  bsp_uart_fifo.o ABSOLUTE
    ..\..\User\bsp\stm32f10x_assert.c        0x00000000   Number         0  stm32f10x_assert.o ABSOLUTE
    ..\..\User\bsp\stm32f10x_it.c            0x00000000   Number         0  stm32f10x_it.o ABSOLUTE
    ..\..\User\bsp\system_stm32f10x.c        0x00000000   Number         0  system_stm32f10x.o ABSOLUTE
    ..\\..\\Libraries\\STM32F10x_StdPeriph_Driver\\src\\misc.c 0x00000000   Number         0  misc.o ABSOLUTE
    ..\\..\\Libraries\\STM32F10x_StdPeriph_Driver\\src\\stm32f10x_gpio.c 0x00000000   Number         0  stm32f10x_gpio.o ABSOLUTE
    ..\\..\\Libraries\\STM32F10x_StdPeriph_Driver\\src\\stm32f10x_rcc.c 0x00000000   Number         0  stm32f10x_rcc.o ABSOLUTE
    ..\\..\\Libraries\\STM32F10x_StdPeriph_Driver\\src\\stm32f10x_tim.c 0x00000000   Number         0  stm32f10x_tim.o ABSOLUTE
    ..\\..\\Libraries\\STM32F10x_StdPeriph_Driver\\src\\stm32f10x_usart.c 0x00000000   Number         0  stm32f10x_usart.o ABSOLUTE
    ..\\..\\User\\app\\src\\main.c           0x00000000   Number         0  main.o ABSOLUTE
    ..\\..\\User\\bsp\\bsp.c                 0x00000000   Number         0  bsp.o ABSOLUTE
    ..\\..\\User\\bsp\\src\\AM21E_HTTP.C     0x00000000   Number         0  am21e_http.o ABSOLUTE
    ..\\..\\User\\bsp\\src\\AM21E_TCP.C      0x00000000   Number         0  am21e_tcp.o ABSOLUTE
    ..\\..\\User\\bsp\\src\\bsp_GPRS.c       0x00000000   Number         0  bsp_gprs.o ABSOLUTE
    ..\\..\\User\\bsp\\src\\bsp_gps.c        0x00000000   Number         0  bsp_gps.o ABSOLUTE
    ..\\..\\User\\bsp\\src\\bsp_key.c        0x00000000   Number         0  bsp_key.o ABSOLUTE
    ..\\..\\User\\bsp\\src\\bsp_timer.c      0x00000000   Number         0  bsp_timer.o ABSOLUTE
    ..\\..\\User\\bsp\\src\\bsp_uart_fifo.c  0x00000000   Number         0  bsp_uart_fifo.o ABSOLUTE
    ..\\..\\User\\bsp\\stm32f10x_assert.c    0x00000000   Number         0  stm32f10x_assert.o ABSOLUTE
    ..\\..\\User\\bsp\\stm32f10x_it.c        0x00000000   Number         0  stm32f10x_it.o ABSOLUTE
    ..\\..\\User\\bsp\\system_stm32f10x.c    0x00000000   Number         0  system_stm32f10x.o ABSOLUTE
    cdrcmple.s                               0x00000000   Number         0  cdrcmple.o ABSOLUTE
    dc.s                                     0x00000000   Number         0  dc.o ABSOLUTE
    handlers.s                               0x00000000   Number         0  handlers.o ABSOLUTE
    init.s                                   0x00000000   Number         0  init.o ABSOLUTE
    RESET                                    0x08000000   Section      304  startup_stm32f10x_hd.o(RESET)
    .ARM.Collect$$$$00000000                 0x08000130   Section        0  entry.o(.ARM.Collect$$$$00000000)
    .ARM.Collect$$$$00000001                 0x08000130   Section        4  entry2.o(.ARM.Collect$$$$00000001)
    .ARM.Collect$$$$00000004                 0x08000134   Section        4  entry5.o(.ARM.Collect$$$$00000004)
    .ARM.Collect$$$$00000008                 0x08000138   Section        0  entry7b.o(.ARM.Collect$$$$00000008)
    .ARM.Collect$$$$0000000A                 0x08000138   Section        0  entry8b.o(.ARM.Collect$$$$0000000A)
    .ARM.Collect$$$$0000000B                 0x08000138   Section        8  entry9a.o(.ARM.Collect$$$$0000000B)
    .ARM.Collect$$$$0000000D                 0x08000140   Section        0  entry10a.o(.ARM.Collect$$$$0000000D)
    .ARM.Collect$$$$0000000F                 0x08000140   Section        0  entry11a.o(.ARM.Collect$$$$0000000F)
    .ARM.Collect$$$$00002712                 0x08000140   Section        4  entry2.o(.ARM.Collect$$$$00002712)
    __lit__00000000                          0x08000140   Data           4  entry2.o(.ARM.Collect$$$$00002712)
    .emb_text                                0x08000144   Section       24  bsp.o(.emb_text)
    .text                                    0x0800015c   Section       36  startup_stm32f10x_hd.o(.text)
    .text                                    0x08000180   Section        0  memcpya.o(.text)
    .text                                    0x080001a4   Section        0  memseta.o(.text)
    .text                                    0x080001c8   Section        0  strchr.o(.text)
    .text                                    0x080001dc   Section        0  strlen.o(.text)
    .text                                    0x080001ea   Section        0  memcmp.o(.text)
    .text                                    0x08000204   Section        0  dadd.o(.text)
    .text                                    0x08000352   Section        0  ddiv.o(.text)
    .text                                    0x08000430   Section        0  dfltui.o(.text)
    .text                                    0x0800044a   Section        0  uidiv.o(.text)
    .text                                    0x08000476   Section        0  uldiv.o(.text)
    .text                                    0x080004d8   Section        0  llshl.o(.text)
    .text                                    0x080004f6   Section        0  llsshr.o(.text)
    .text                                    0x0800051c   Section        0  strtod.o(.text)
    _local_sscanf                            0x0800051d   Thumb Code    54  strtod.o(.text)
    .text                                    0x080005b8   Section        0  depilogue.o(.text)
    .text                                    0x080005b8   Section        0  iusefp.o(.text)
    .text                                    0x08000672   Section        0  dmul.o(.text)
    .text                                    0x08000756   Section        0  dfixul.o(.text)
    .text                                    0x08000788   Section       48  cdrcmple.o(.text)
    .text                                    0x080007b8   Section       36  init.o(.text)
    .text                                    0x080007dc   Section        0  llushr.o(.text)
    .text                                    0x080007fc   Section        0  isspace_c.o(.text)
    .text                                    0x08000808   Section        0  scanf_fp.o(.text)
    _fp_value                                0x08000809   Thumb Code   296  scanf_fp.o(.text)
    .text                                    0x08000b68   Section        0  _sgetc.o(.text)
    .text                                    0x08000ba8   Section        0  ctype_c.o(.text)
    .text                                    0x08000bd0   Section        0  dfltul.o(.text)
    .text                                    0x08000be8   Section        0  d2f.o(.text)
    .text                                    0x08000c20   Section        0  fepilogue.o(.text)
    i.AM21E_init                             0x08000c90   Section        0  main.o(i.AM21E_init)
    i.AT_GetToGPSData                        0x08000d80   Section        0  main.o(i.AT_GetToGPSData)
    i.AT_SendToCmdData                       0x08000da2   Section        0  bsp_gprs.o(i.AT_SendToCmdData)
    i.Analyze0183                            0x08000dc8   Section        0  bsp_gps.o(i.Analyze0183)
    i.BusFault_Handler                       0x08000e9c   Section        0  stm32f10x_it.o(i.BusFault_Handler)
    i.CheckXor                               0x08000e9e   Section        0  bsp_gps.o(i.CheckXor)
    i.ComToUart                              0x08000f00   Section        0  bsp_uart_fifo.o(i.ComToUart)
    i.DebugMon_Handler                       0x08000f1c   Section        0  stm32f10x_it.o(i.DebugMon_Handler)
    i.DispGPSStatus                          0x08000f20   Section        0  main.o(i.DispGPSStatus)
    DispGPSStatus                            0x08000f21   Thumb Code   324  main.o(i.DispGPSStatus)
    i.GPIO_Init                              0x0800108c   Section        0  stm32f10x_gpio.o(i.GPIO_Init)
    i.GPRS_PowerOn                           0x08001130   Section        0  bsp_gprs.o(i.GPRS_PowerOn)
    i.GPRS_PrintRxData                       0x0800121c   Section        0  bsp_gprs.o(i.GPRS_PrintRxData)
    i.GPRS_SendAT                            0x08001224   Section        0  bsp_gprs.o(i.GPRS_SendAT)
    i.GPRS_WaitResponse                      0x08001250   Section        0  bsp_gprs.o(i.GPRS_WaitResponse)
    i.HardFault_Handler                      0x080012d0   Section        0  stm32f10x_it.o(i.HardFault_Handler)
    i.HexToAscii                             0x08001338   Section        0  bsp_gps.o(i.HexToAscii)
    i.InitHardUart                           0x08001368   Section        0  bsp_uart_fifo.o(i.InitHardUart)
    InitHardUart                             0x08001369   Thumb Code   276  bsp_uart_fifo.o(i.InitHardUart)
    i.IsKeyDown1                             0x08001488   Section        0  bsp_key.o(i.IsKeyDown1)
    IsKeyDown1                               0x08001489   Thumb Code    32  bsp_key.o(i.IsKeyDown1)
    i.IsKeyDown10                            0x080014b4   Section        0  bsp_key.o(i.IsKeyDown10)
    IsKeyDown10                              0x080014b5   Thumb Code    32  bsp_key.o(i.IsKeyDown10)
    i.IsKeyDown2                             0x080014e0   Section        0  bsp_key.o(i.IsKeyDown2)
    IsKeyDown2                               0x080014e1   Thumb Code    32  bsp_key.o(i.IsKeyDown2)
    i.IsKeyDown3                             0x0800150c   Section        0  bsp_key.o(i.IsKeyDown3)
    IsKeyDown3                               0x0800150d   Thumb Code    32  bsp_key.o(i.IsKeyDown3)
    i.IsKeyDown4                             0x08001538   Section        0  bsp_key.o(i.IsKeyDown4)
    IsKeyDown4                               0x08001539   Thumb Code    16  bsp_key.o(i.IsKeyDown4)
    i.IsKeyDown5                             0x0800154c   Section        0  bsp_key.o(i.IsKeyDown5)
    IsKeyDown5                               0x0800154d   Thumb Code    16  bsp_key.o(i.IsKeyDown5)
    i.IsKeyDown6                             0x08001560   Section        0  bsp_key.o(i.IsKeyDown6)
    IsKeyDown6                               0x08001561   Thumb Code    16  bsp_key.o(i.IsKeyDown6)
    i.IsKeyDown7                             0x08001574   Section        0  bsp_key.o(i.IsKeyDown7)
    IsKeyDown7                               0x08001575   Thumb Code    16  bsp_key.o(i.IsKeyDown7)
    i.IsKeyDown8                             0x08001588   Section        0  bsp_key.o(i.IsKeyDown8)
    IsKeyDown8                               0x08001589   Thumb Code    16  bsp_key.o(i.IsKeyDown8)
    i.IsKeyDown9                             0x0800159c   Section        0  bsp_key.o(i.IsKeyDown9)
    IsKeyDown9                               0x0800159d   Thumb Code    32  bsp_key.o(i.IsKeyDown9)
    i.MemManage_Handler                      0x080015c8   Section        0  stm32f10x_it.o(i.MemManage_Handler)
    i.NMI_Handler                            0x080015ca   Section        0  stm32f10x_it.o(i.NMI_Handler)
    i.NVIC_Init                              0x080015cc   Section        0  misc.o(i.NVIC_Init)
    i.NVIC_PriorityGroupConfig               0x08001630   Section        0  misc.o(i.NVIC_PriorityGroupConfig)
    i.PendSV_Handler                         0x08001644   Section        0  stm32f10x_it.o(i.PendSV_Handler)
    i.PrintfLogo                             0x08001648   Section        0  main.o(i.PrintfLogo)
    PrintfLogo                               0x08001649   Thumb Code    60  main.o(i.PrintfLogo)
    i.RCC_APB1PeriphClockCmd                 0x08001778   Section        0  stm32f10x_rcc.o(i.RCC_APB1PeriphClockCmd)
    i.RCC_APB2PeriphClockCmd                 0x08001790   Section        0  stm32f10x_rcc.o(i.RCC_APB2PeriphClockCmd)
    i.RCC_GetClocksFreq                      0x080017a8   Section        0  stm32f10x_rcc.o(i.RCC_GetClocksFreq)
    i.SVC_Handler                            0x08001838   Section        0  stm32f10x_it.o(i.SVC_Handler)
    i.SendToTCP                              0x0800183c   Section        0  am21e_tcp.o(i.SendToTCP)
    i.SetSysClockTo72                        0x080019cc   Section        0  system_stm32f10x.o(i.SetSysClockTo72)
    SetSysClockTo72                          0x080019cd   Thumb Code   160  system_stm32f10x.o(i.SetSysClockTo72)
    i.StrToInt                               0x08001a74   Section        0  bsp_gps.o(i.StrToInt)
    i.StrToIntFix                            0x08001aba   Section        0  bsp_gps.o(i.StrToIntFix)
    i.SysTick_Handler                        0x08001b04   Section        0  bsp_timer.o(i.SysTick_Handler)
    i.SysTick_ISR                            0x08001b08   Section        0  bsp_timer.o(i.SysTick_ISR)
    i.SystemInit                             0x08001b80   Section        0  system_stm32f10x.o(i.SystemInit)
    i.TIM2_IRQHandler                        0x08001bd0   Section        0  bsp_timer.o(i.TIM2_IRQHandler)
    i.TIM_ClearITPendingBit                  0x08001c64   Section        0  stm32f10x_tim.o(i.TIM_ClearITPendingBit)
    i.TIM_Cmd                                0x08001c6a   Section        0  stm32f10x_tim.o(i.TIM_Cmd)
    i.TIM_GetITStatus                        0x08001c7e   Section        0  stm32f10x_tim.o(i.TIM_GetITStatus)
    i.TIM_ITConfig                           0x08001c96   Section        0  stm32f10x_tim.o(i.TIM_ITConfig)
    i.TIM_TimeBaseInit                       0x08001ca8   Section        0  stm32f10x_tim.o(i.TIM_TimeBaseInit)
    i.USART1_IRQHandler                      0x08001d44   Section        0  bsp_uart_fifo.o(i.USART1_IRQHandler)
    i.USART2_IRQHandler                      0x08001d50   Section        0  bsp_uart_fifo.o(i.USART2_IRQHandler)
    i.USART_ClearFlag                        0x08001d5c   Section        0  stm32f10x_usart.o(i.USART_ClearFlag)
    i.USART_Cmd                              0x08001d62   Section        0  stm32f10x_usart.o(i.USART_Cmd)
    i.USART_GetITStatus                      0x08001d76   Section        0  stm32f10x_usart.o(i.USART_GetITStatus)
    i.USART_ITConfig                         0x08001db4   Section        0  stm32f10x_usart.o(i.USART_ITConfig)
    i.USART_Init                             0x08001de4   Section        0  stm32f10x_usart.o(i.USART_Init)
    i.USART_ReceiveData                      0x08001e90   Section        0  stm32f10x_usart.o(i.USART_ReceiveData)
    i.USART_SendData                         0x08001e98   Section        0  stm32f10x_usart.o(i.USART_SendData)
    i.UartIRQ                                0x08001ea0   Section        0  bsp_uart_fifo.o(i.UartIRQ)
    UartIRQ                                  0x08001ea1   Thumb Code   192  bsp_uart_fifo.o(i.UartIRQ)
    i.UartVarInit                            0x08001f60   Section        0  bsp_uart_fifo.o(i.UartVarInit)
    UartVarInit                              0x08001f61   Thumb Code    90  bsp_uart_fifo.o(i.UartVarInit)
    i.UsageFault_Handler                     0x08001fc8   Section        0  stm32f10x_it.o(i.UsageFault_Handler)
    i.__0printf                              0x08001fcc   Section        0  printfa.o(i.__0printf)
    i.__0sprintf                             0x08001fec   Section        0  printfa.o(i.__0sprintf)
    i.__read_errno                           0x08002014   Section        0  errno.o(i.__read_errno)
    i.__scatterload_copy                     0x08002020   Section       14  handlers.o(i.__scatterload_copy)
    i.__scatterload_null                     0x0800202e   Section        2  handlers.o(i.__scatterload_null)
    i.__scatterload_zeroinit                 0x08002030   Section       14  handlers.o(i.__scatterload_zeroinit)
    i.__set_errno                            0x08002040   Section        0  errno.o(i.__set_errno)
    i._fp_digits                             0x0800204c   Section        0  printfa.o(i._fp_digits)
    _fp_digits                               0x0800204d   Thumb Code   366  printfa.o(i._fp_digits)
    i._is_digit                              0x080021d0   Section        0  scanf_fp.o(i._is_digit)
    i._printf_core                           0x080021e0   Section        0  printfa.o(i._printf_core)
    _printf_core                             0x080021e1   Thumb Code  1744  printfa.o(i._printf_core)
    i._printf_post_padding                   0x080028bc   Section        0  printfa.o(i._printf_post_padding)
    _printf_post_padding                     0x080028bd   Thumb Code    36  printfa.o(i._printf_post_padding)
    i._printf_pre_padding                    0x080028e0   Section        0  printfa.o(i._printf_pre_padding)
    _printf_pre_padding                      0x080028e1   Thumb Code    46  printfa.o(i._printf_pre_padding)
    i._sputc                                 0x0800290e   Section        0  printfa.o(i._sputc)
    _sputc                                   0x0800290f   Thumb Code    10  printfa.o(i._sputc)
    i.atof                                   0x08002918   Section        0  atof.o(i.atof)
    i.bsp_CheckTimer                         0x08002944   Section        0  bsp_timer.o(i.bsp_CheckTimer)
    i.bsp_DetectKey                          0x08002968   Section        0  bsp_key.o(i.bsp_DetectKey)
    bsp_DetectKey                            0x08002969   Thumb Code   166  bsp_key.o(i.bsp_DetectKey)
    i.bsp_Idle                               0x08002a14   Section        0  bsp.o(i.bsp_Idle)
    i.bsp_Init                               0x08002a16   Section        0  bsp.o(i.bsp_Init)
    i.bsp_InitGprsToAM21E                    0x08002a30   Section        0  main.o(i.bsp_InitGprsToAM21E)
    i.bsp_InitHardTimer                      0x08002aac   Section        0  bsp_timer.o(i.bsp_InitHardTimer)
    i.bsp_InitKey                            0x08002b14   Section        0  bsp_key.o(i.bsp_InitKey)
    i.bsp_InitKeyHard                        0x08002b24   Section        0  bsp_key.o(i.bsp_InitKeyHard)
    bsp_InitKeyHard                          0x08002b25   Thumb Code   138  bsp_key.o(i.bsp_InitKeyHard)
    i.bsp_InitKeyVar                         0x08002bc0   Section        0  bsp_key.o(i.bsp_InitKeyVar)
    bsp_InitKeyVar                           0x08002bc1   Thumb Code   122  bsp_key.o(i.bsp_InitKeyVar)
    i.bsp_InitTimer                          0x08002c68   Section        0  bsp_timer.o(i.bsp_InitTimer)
    i.bsp_InitUart                           0x08002cc8   Section        0  bsp_uart_fifo.o(i.bsp_InitUart)
    i.bsp_KeyScan                            0x08002d00   Section        0  bsp_key.o(i.bsp_KeyScan)
    i.bsp_PutKey                             0x08002d14   Section        0  bsp_key.o(i.bsp_PutKey)
    i.bsp_RunPer10ms                         0x08002d30   Section        0  bsp.o(i.bsp_RunPer10ms)
    i.bsp_RunPer1ms                          0x08002d34   Section        0  bsp.o(i.bsp_RunPer1ms)
    i.bsp_StartTimer                         0x08002d38   Section        0  bsp_timer.o(i.bsp_StartTimer)
    i.comClearRxFifo                         0x08002db4   Section        0  bsp_uart_fifo.o(i.comClearRxFifo)
    i.comGetChar                             0x08002dc8   Section        0  bsp_uart_fifo.o(i.comGetChar)
    i.comSendBuf                             0x08002e14   Section        0  bsp_uart_fifo.o(i.comSendBuf)
    i.comSendChar                            0x08002e8e   Section        0  bsp_uart_fifo.o(i.comSendChar)
    i.fputc                                  0x08002e9a   Section        0  bsp_uart_fifo.o(i.fputc)
    i.free                                   0x08002eac   Section        0  malloc.o(i.free)
    i.gpsGPGGA                               0x08002efc   Section        0  bsp_gps.o(i.gpsGPGGA)
    i.gpsGPGLL                               0x0800304c   Section        0  bsp_gps.o(i.gpsGPGLL)
    i.gpsGPGSA                               0x08003140   Section        0  bsp_gps.o(i.gpsGPGSA)
    i.gpsGPGSV                               0x080031d0   Section        0  bsp_gps.o(i.gpsGPGSV)
    i.gpsGPRMC                               0x08003290   Section        0  bsp_gps.o(i.gpsGPRMC)
    i.gpsGPVTG                               0x08003404   Section        0  bsp_gps.o(i.gpsGPVTG)
    i.gps_pro                                0x08003490   Section        0  bsp_gps.o(i.gps_pro)
    i.main                                   0x08003504   Section        0  main.o(i.main)
    i.malloc                                 0x0800361c   Section        0  malloc.o(i.malloc)
    .constdata                               0x08003688   Section       48  bsp_timer.o(.constdata)
    __FUNCTION__                             0x08003688   Data          15  bsp_timer.o(.constdata)
    __FUNCTION__                             0x08003697   Data          19  bsp_timer.o(.constdata)
    __FUNCTION__                             0x080036aa   Data          14  bsp_timer.o(.constdata)
    .constdata                               0x080036b8   Section       64  ctype_c.o(.constdata)
    .conststring                             0x080036f8   Section      184  main.o(.conststring)
    .data                                    0x20000000   Section        8  main.o(.data)
    .data                                    0x20000008   Section       28  bsp_timer.o(.data)
    s_ucTimeOutFlag                          0x20000008   Data           1  bsp_timer.o(.data)
    s_count                                  0x20000009   Data           1  bsp_timer.o(.data)
    s_uiDelayCount                           0x2000000c   Data           4  bsp_timer.o(.data)
    s_TIM_CallBack1                          0x20000014   Data           4  bsp_timer.o(.data)
    s_TIM_CallBack2                          0x20000018   Data           4  bsp_timer.o(.data)
    s_TIM_CallBack3                          0x2000001c   Data           4  bsp_timer.o(.data)
    s_TIM_CallBack4                          0x20000020   Data           4  bsp_timer.o(.data)
    .data                                    0x20000024   Section        4  bsp_gps.o(.data)
    ucGpsHead                                0x20000024   Data           1  bsp_gps.o(.data)
    usGpsPos                                 0x20000026   Data           2  bsp_gps.o(.data)
    .data                                    0x20000028   Section       20  stm32f10x_rcc.o(.data)
    ADCPrescTable                            0x20000028   Data           4  stm32f10x_rcc.o(.data)
    APBAHBPrescTable                         0x2000002c   Data          16  stm32f10x_rcc.o(.data)
    .data                                    0x2000003c   Section       20  system_stm32f10x.o(.data)
    .data                                    0x20000050   Section        4  stdout.o(.data)
    .data                                    0x20000054   Section        4  mvars.o(.data)
    .data                                    0x20000058   Section        4  mvars.o(.data)
    .data                                    0x2000005c   Section        4  errno.o(.data)
    _errno                                   0x2000005c   Data           4  errno.o(.data)
    .bss                                     0x20000060   Section      220  main.o(.bss)
    .bss                                     0x2000013c   Section      173  bsp_key.o(.bss)
    s_tBtn                                   0x2000013c   Data         160  bsp_key.o(.bss)
    s_tKey                                   0x200001dc   Data          13  bsp_key.o(.bss)
    .bss                                     0x200001ec   Section       48  bsp_timer.o(.bss)
    s_tTmr                                   0x200001ec   Data          48  bsp_timer.o(.bss)
    .bss                                     0x2000021c   Section     4176  bsp_uart_fifo.o(.bss)
    g_tUart1                                 0x2000021c   Data          40  bsp_uart_fifo.o(.bss)
    g_TxBuf1                                 0x20000244   Data        1024  bsp_uart_fifo.o(.bss)
    g_RxBuf1                                 0x20000644   Data        1024  bsp_uart_fifo.o(.bss)
    g_tUart2                                 0x20000a44   Data          40  bsp_uart_fifo.o(.bss)
    g_TxBuf2                                 0x20000a6c   Data        1024  bsp_uart_fifo.o(.bss)
    g_RxBuf2                                 0x20000e6c   Data        1024  bsp_uart_fifo.o(.bss)
    .bss                                     0x2000126c   Section     1144  bsp_gps.o(.bss)
    ucaGpsBuf                                0x2000126c   Data        1024  bsp_gps.o(.bss)
    HEAP                                     0x200016e8   Section    12288  startup_stm32f10x_hd.o(HEAP)
    STACK                                    0x200046e8   Section     2048  startup_stm32f10x_hd.o(STACK)

    Global Symbols

    Symbol Name                              Value     Ov Type        Size  Object(Section)

    BuildAttributes$$THM_ISAv4$P$D$K$B$S$PE$A:L22UL41UL21$X:L11$S22US41US21$IEEE1$IW$USESV6$~STKCKD$USESV7$~SHL$OTIME$ROPI$IEEEJ$EBA8$MICROLIB$REQ8$PRES8$EABIv2 0x00000000   Number         0  anon$$obj.o ABSOLUTE
    __ARM_use_no_argv                        0x00000000   Number         0  main.o ABSOLUTE
    _printf_a                                0x00000000   Number         0  stubs.o ABSOLUTE
    _printf_c                                0x00000000   Number         0  stubs.o ABSOLUTE
    _printf_charcount                        0x00000000   Number         0  stubs.o ABSOLUTE
    _printf_d                                0x00000000   Number         0  stubs.o ABSOLUTE
    _printf_e                                0x00000000   Number         0  stubs.o ABSOLUTE
    _printf_f                                0x00000000   Number         0  stubs.o ABSOLUTE
    _printf_flags                            0x00000000   Number         0  stubs.o ABSOLUTE
    _printf_fp_dec                           0x00000000   Number         0  stubs.o ABSOLUTE
    _printf_fp_hex                           0x00000000   Number         0  stubs.o ABSOLUTE
    _printf_g                                0x00000000   Number         0  stubs.o ABSOLUTE
    _printf_i                                0x00000000   Number         0  stubs.o ABSOLUTE
    _printf_int_dec                          0x00000000   Number         0  stubs.o ABSOLUTE
    _printf_l                                0x00000000   Number         0  stubs.o ABSOLUTE
    _printf_lc                               0x00000000   Number         0  stubs.o ABSOLUTE
    _printf_ll                               0x00000000   Number         0  stubs.o ABSOLUTE
    _printf_lld                              0x00000000   Number         0  stubs.o ABSOLUTE
    _printf_lli                              0x00000000   Number         0  stubs.o ABSOLUTE
    _printf_llo                              0x00000000   Number         0  stubs.o ABSOLUTE
    _printf_llu                              0x00000000   Number         0  stubs.o ABSOLUTE
    _printf_llx                              0x00000000   Number         0  stubs.o ABSOLUTE
    _printf_longlong_dec                     0x00000000   Number         0  stubs.o ABSOLUTE
    _printf_longlong_hex                     0x00000000   Number         0  stubs.o ABSOLUTE
    _printf_longlong_oct                     0x00000000   Number         0  stubs.o ABSOLUTE
    _printf_ls                               0x00000000   Number         0  stubs.o ABSOLUTE
    _printf_mbtowc                           0x00000000   Number         0  stubs.o ABSOLUTE
    _printf_n                                0x00000000   Number         0  stubs.o ABSOLUTE
    _printf_o                                0x00000000   Number         0  stubs.o ABSOLUTE
    _printf_p                                0x00000000   Number         0  stubs.o ABSOLUTE
    _printf_percent                          0x00000000   Number         0  stubs.o ABSOLUTE
    _printf_pre_padding                      0x00000000   Number         0  stubs.o ABSOLUTE
    _printf_return_value                     0x00000000   Number         0  stubs.o ABSOLUTE
    _printf_s                                0x00000000   Number         0  stubs.o ABSOLUTE
    _printf_sizespec                         0x00000000   Number         0  stubs.o ABSOLUTE
    _printf_str                              0x00000000   Number         0  stubs.o ABSOLUTE
    _printf_truncate_signed                  0x00000000   Number         0  stubs.o ABSOLUTE
    _printf_truncate_unsigned                0x00000000   Number         0  stubs.o ABSOLUTE
    _printf_u                                0x00000000   Number         0  stubs.o ABSOLUTE
    _printf_wc                               0x00000000   Number         0  stubs.o ABSOLUTE
    _printf_wctomb                           0x00000000   Number         0  stubs.o ABSOLUTE
    _printf_widthprec                        0x00000000   Number         0  stubs.o ABSOLUTE
    _printf_x                                0x00000000   Number         0  stubs.o ABSOLUTE
    __cpp_initialize__aeabi_                  - Undefined Weak Reference
    __cxa_finalize                            - Undefined Weak Reference
    __decompress                              - Undefined Weak Reference
    _clock_init                               - Undefined Weak Reference
    _microlib_exit                            - Undefined Weak Reference
    __Vectors_Size                           0x00000130   Number         0  startup_stm32f10x_hd.o ABSOLUTE
    __Vectors                                0x08000000   Data           4  startup_stm32f10x_hd.o(RESET)
    __Vectors_End                            0x08000130   Data           0  startup_stm32f10x_hd.o(RESET)
    __main                                   0x08000131   Thumb Code     0  entry.o(.ARM.Collect$$$$00000000)
    _main_stk                                0x08000131   Thumb Code     0  entry2.o(.ARM.Collect$$$$00000001)
    _main_scatterload                        0x08000135   Thumb Code     0  entry5.o(.ARM.Collect$$$$00000004)
    __main_after_scatterload                 0x08000139   Thumb Code     0  entry5.o(.ARM.Collect$$$$00000004)
    _main_clock                              0x08000139   Thumb Code     0  entry7b.o(.ARM.Collect$$$$00000008)
    _main_cpp_init                           0x08000139   Thumb Code     0  entry8b.o(.ARM.Collect$$$$0000000A)
    _main_init                               0x08000139   Thumb Code     0  entry9a.o(.ARM.Collect$$$$0000000B)
    __rt_final_cpp                           0x08000141   Thumb Code     0  entry10a.o(.ARM.Collect$$$$0000000D)
    __rt_final_exit                          0x08000141   Thumb Code     0  entry11a.o(.ARM.Collect$$$$0000000F)
    SystemReset                              0x08000145   Thumb Code    16  bsp.o(.emb_text)
    Reset_Handler                            0x0800015d   Thumb Code     8  startup_stm32f10x_hd.o(.text)
    ADC1_2_IRQHandler                        0x08000177   Thumb Code     0  startup_stm32f10x_hd.o(.text)
    ADC3_IRQHandler                          0x08000177   Thumb Code     0  startup_stm32f10x_hd.o(.text)
    CAN1_RX1_IRQHandler                      0x08000177   Thumb Code     0  startup_stm32f10x_hd.o(.text)
    CAN1_SCE_IRQHandler                      0x08000177   Thumb Code     0  startup_stm32f10x_hd.o(.text)
    DMA1_Channel1_IRQHandler                 0x08000177   Thumb Code     0  startup_stm32f10x_hd.o(.text)
    DMA1_Channel2_IRQHandler                 0x08000177   Thumb Code     0  startup_stm32f10x_hd.o(.text)
    DMA1_Channel3_IRQHandler                 0x08000177   Thumb Code     0  startup_stm32f10x_hd.o(.text)
    DMA1_Channel4_IRQHandler                 0x08000177   Thumb Code     0  startup_stm32f10x_hd.o(.text)
    DMA1_Channel5_IRQHandler                 0x08000177   Thumb Code     0  startup_stm32f10x_hd.o(.text)
    DMA1_Channel6_IRQHandler                 0x08000177   Thumb Code     0  startup_stm32f10x_hd.o(.text)
    DMA1_Channel7_IRQHandler                 0x08000177   Thumb Code     0  startup_stm32f10x_hd.o(.text)
    DMA2_Channel1_IRQHandler                 0x08000177   Thumb Code     0  startup_stm32f10x_hd.o(.text)
    DMA2_Channel2_IRQHandler                 0x08000177   Thumb Code     0  startup_stm32f10x_hd.o(.text)
    DMA2_Channel3_IRQHandler                 0x08000177   Thumb Code     0  startup_stm32f10x_hd.o(.text)
    DMA2_Channel4_5_IRQHandler               0x08000177   Thumb Code     0  startup_stm32f10x_hd.o(.text)
    EXTI0_IRQHandler                         0x08000177   Thumb Code     0  startup_stm32f10x_hd.o(.text)
    EXTI15_10_IRQHandler                     0x08000177   Thumb Code     0  startup_stm32f10x_hd.o(.text)
    EXTI1_IRQHandler                         0x08000177   Thumb Code     0  startup_stm32f10x_hd.o(.text)
    EXTI2_IRQHandler                         0x08000177   Thumb Code     0  startup_stm32f10x_hd.o(.text)
    EXTI3_IRQHandler                         0x08000177   Thumb Code     0  startup_stm32f10x_hd.o(.text)
    EXTI4_IRQHandler                         0x08000177   Thumb Code     0  startup_stm32f10x_hd.o(.text)
    EXTI9_5_IRQHandler                       0x08000177   Thumb Code     0  startup_stm32f10x_hd.o(.text)
    FLASH_IRQHandler                         0x08000177   Thumb Code     0  startup_stm32f10x_hd.o(.text)
    FSMC_IRQHandler                          0x08000177   Thumb Code     0  startup_stm32f10x_hd.o(.text)
    I2C1_ER_IRQHandler                       0x08000177   Thumb Code     0  startup_stm32f10x_hd.o(.text)
    I2C1_EV_IRQHandler                       0x08000177   Thumb Code     0  startup_stm32f10x_hd.o(.text)
    I2C2_ER_IRQHandler                       0x08000177   Thumb Code     0  startup_stm32f10x_hd.o(.text)
    I2C2_EV_IRQHandler                       0x08000177   Thumb Code     0  startup_stm32f10x_hd.o(.text)
    PVD_IRQHandler                           0x08000177   Thumb Code     0  startup_stm32f10x_hd.o(.text)
    RCC_IRQHandler                           0x08000177   Thumb Code     0  startup_stm32f10x_hd.o(.text)
    RTCAlarm_IRQHandler                      0x08000177   Thumb Code     0  startup_stm32f10x_hd.o(.text)
    RTC_IRQHandler                           0x08000177   Thumb Code     0  startup_stm32f10x_hd.o(.text)
    SDIO_IRQHandler                          0x08000177   Thumb Code     0  startup_stm32f10x_hd.o(.text)
    SPI1_IRQHandler                          0x08000177   Thumb Code     0  startup_stm32f10x_hd.o(.text)
    SPI2_IRQHandler                          0x08000177   Thumb Code     0  startup_stm32f10x_hd.o(.text)
    SPI3_IRQHandler                          0x08000177   Thumb Code     0  startup_stm32f10x_hd.o(.text)
    TAMPER_IRQHandler                        0x08000177   Thumb Code     0  startup_stm32f10x_hd.o(.text)
    TIM1_BRK_IRQHandler                      0x08000177   Thumb Code     0  startup_stm32f10x_hd.o(.text)
    TIM1_CC_IRQHandler                       0x08000177   Thumb Code     0  startup_stm32f10x_hd.o(.text)
    TIM1_TRG_COM_IRQHandler                  0x08000177   Thumb Code     0  startup_stm32f10x_hd.o(.text)
    TIM1_UP_IRQHandler                       0x08000177   Thumb Code     0  startup_stm32f10x_hd.o(.text)
    TIM3_IRQHandler                          0x08000177   Thumb Code     0  startup_stm32f10x_hd.o(.text)
    TIM4_IRQHandler                          0x08000177   Thumb Code     0  startup_stm32f10x_hd.o(.text)
    TIM5_IRQHandler                          0x08000177   Thumb Code     0  startup_stm32f10x_hd.o(.text)
    TIM6_IRQHandler                          0x08000177   Thumb Code     0  startup_stm32f10x_hd.o(.text)
    TIM7_IRQHandler                          0x08000177   Thumb Code     0  startup_stm32f10x_hd.o(.text)
    TIM8_BRK_IRQHandler                      0x08000177   Thumb Code     0  startup_stm32f10x_hd.o(.text)
    TIM8_CC_IRQHandler                       0x08000177   Thumb Code     0  startup_stm32f10x_hd.o(.text)
    TIM8_TRG_COM_IRQHandler                  0x08000177   Thumb Code     0  startup_stm32f10x_hd.o(.text)
    TIM8_UP_IRQHandler                       0x08000177   Thumb Code     0  startup_stm32f10x_hd.o(.text)
    UART4_IRQHandler                         0x08000177   Thumb Code     0  startup_stm32f10x_hd.o(.text)
    UART5_IRQHandler                         0x08000177   Thumb Code     0  startup_stm32f10x_hd.o(.text)
    USART3_IRQHandler                        0x08000177   Thumb Code     0  startup_stm32f10x_hd.o(.text)
    USBWakeUp_IRQHandler                     0x08000177   Thumb Code     0  startup_stm32f10x_hd.o(.text)
    USB_HP_CAN1_TX_IRQHandler                0x08000177   Thumb Code     0  startup_stm32f10x_hd.o(.text)
    USB_LP_CAN1_RX0_IRQHandler               0x08000177   Thumb Code     0  startup_stm32f10x_hd.o(.text)
    WWDG_IRQHandler                          0x08000177   Thumb Code     0  startup_stm32f10x_hd.o(.text)
    __aeabi_memcpy                           0x08000181   Thumb Code    36  memcpya.o(.text)
    __aeabi_memcpy4                          0x08000181   Thumb Code     0  memcpya.o(.text)
    __aeabi_memcpy8                          0x08000181   Thumb Code     0  memcpya.o(.text)
    __aeabi_memset                           0x080001a5   Thumb Code    14  memseta.o(.text)
    __aeabi_memset4                          0x080001a5   Thumb Code     0  memseta.o(.text)
    __aeabi_memset8                          0x080001a5   Thumb Code     0  memseta.o(.text)
    __aeabi_memclr                           0x080001b3   Thumb Code     4  memseta.o(.text)
    __aeabi_memclr4                          0x080001b3   Thumb Code     0  memseta.o(.text)
    __aeabi_memclr8                          0x080001b3   Thumb Code     0  memseta.o(.text)
    _memset$wrapper                          0x080001b7   Thumb Code    18  memseta.o(.text)
    strchr                                   0x080001c9   Thumb Code    20  strchr.o(.text)
    strlen                                   0x080001dd   Thumb Code    14  strlen.o(.text)
    memcmp                                   0x080001eb   Thumb Code    26  memcmp.o(.text)
    __aeabi_dadd                             0x08000205   Thumb Code   322  dadd.o(.text)
    __aeabi_dsub                             0x08000347   Thumb Code     6  dadd.o(.text)
    __aeabi_drsub                            0x0800034d   Thumb Code     6  dadd.o(.text)
    __aeabi_ddiv                             0x08000353   Thumb Code   222  ddiv.o(.text)
    __aeabi_ui2d                             0x08000431   Thumb Code    26  dfltui.o(.text)
    __aeabi_uidiv                            0x0800044b   Thumb Code     0  uidiv.o(.text)
    __aeabi_uidivmod                         0x0800044b   Thumb Code    44  uidiv.o(.text)
    __aeabi_uldivmod                         0x08000477   Thumb Code    98  uldiv.o(.text)
    __aeabi_llsl                             0x080004d9   Thumb Code    30  llshl.o(.text)
    _ll_shift_l                              0x080004d9   Thumb Code     0  llshl.o(.text)
    __aeabi_lasr                             0x080004f7   Thumb Code    36  llsshr.o(.text)
    _ll_sshift_r                             0x080004f7   Thumb Code     0  llsshr.o(.text)
    __strtod_int                             0x08000553   Thumb Code    90  strtod.o(.text)
    __I$use$fp                               0x080005b9   Thumb Code     0  iusefp.o(.text)
    _double_round                            0x080005b9   Thumb Code    30  depilogue.o(.text)
    _double_epilogue                         0x080005d7   Thumb Code   156  depilogue.o(.text)
    __aeabi_dmul                             0x08000673   Thumb Code   228  dmul.o(.text)
    __aeabi_d2ulz                            0x08000757   Thumb Code    48  dfixul.o(.text)
    __aeabi_cdrcmple                         0x08000789   Thumb Code    48  cdrcmple.o(.text)
    __scatterload                            0x080007b9   Thumb Code    28  init.o(.text)
    __scatterload_rt2                        0x080007b9   Thumb Code     0  init.o(.text)
    __aeabi_llsr                             0x080007dd   Thumb Code    32  llushr.o(.text)
    _ll_ushift_r                             0x080007dd   Thumb Code     0  llushr.o(.text)
    isspace                                  0x080007fd   Thumb Code    10  isspace_c.o(.text)
    _scanf_real                              0x08000931   Thumb Code     0  scanf_fp.o(.text)
    _scanf_really_real                       0x08000931   Thumb Code   556  scanf_fp.o(.text)
    _sgetc                                   0x08000b69   Thumb Code    30  _sgetc.o(.text)
    _sbackspace                              0x08000b87   Thumb Code    34  _sgetc.o(.text)
    __ctype_lookup                           0x08000ba9   Thumb Code    34  ctype_c.o(.text)
    __aeabi_ul2d                             0x08000bd1   Thumb Code    24  dfltul.o(.text)
    __aeabi_d2f                              0x08000be9   Thumb Code    56  d2f.o(.text)
    _float_round                             0x08000c21   Thumb Code    18  fepilogue.o(.text)
    _float_epilogue                          0x08000c33   Thumb Code    92  fepilogue.o(.text)
    AM21E_init                               0x08000c91   Thumb Code    96  main.o(i.AM21E_init)
    AT_GetToGPSData                          0x08000d81   Thumb Code    34  main.o(i.AT_GetToGPSData)
    AT_SendToCmdData                         0x08000da3   Thumb Code    38  bsp_gprs.o(i.AT_SendToCmdData)
    Analyze0183                              0x08000dc9   Thumb Code   162  bsp_gps.o(i.Analyze0183)
    BusFault_Handler                         0x08000e9d   Thumb Code     2  stm32f10x_it.o(i.BusFault_Handler)
    CheckXor                                 0x08000e9f   Thumb Code    98  bsp_gps.o(i.CheckXor)
    ComToUart                                0x08000f01   Thumb Code    18  bsp_uart_fifo.o(i.ComToUart)
    DebugMon_Handler                         0x08000f1d   Thumb Code     2  stm32f10x_it.o(i.DebugMon_Handler)
    GPIO_Init                                0x0800108d   Thumb Code   162  stm32f10x_gpio.o(i.GPIO_Init)
    GPRS_PowerOn                             0x08001131   Thumb Code   158  bsp_gprs.o(i.GPRS_PowerOn)
    GPRS_PrintRxData                         0x0800121d   Thumb Code     8  bsp_gprs.o(i.GPRS_PrintRxData)
    GPRS_SendAT                              0x08001225   Thumb Code    40  bsp_gprs.o(i.GPRS_SendAT)
    GPRS_WaitResponse                        0x08001251   Thumb Code   126  bsp_gprs.o(i.GPRS_WaitResponse)
    HardFault_Handler                        0x080012d1   Thumb Code    52  stm32f10x_it.o(i.HardFault_Handler)
    HexToAscii                               0x08001339   Thumb Code    48  bsp_gps.o(i.HexToAscii)
    MemManage_Handler                        0x080015c9   Thumb Code     2  stm32f10x_it.o(i.MemManage_Handler)
    NMI_Handler                              0x080015cb   Thumb Code     2  stm32f10x_it.o(i.NMI_Handler)
    NVIC_Init                                0x080015cd   Thumb Code    94  misc.o(i.NVIC_Init)
    NVIC_PriorityGroupConfig                 0x08001631   Thumb Code    10  misc.o(i.NVIC_PriorityGroupConfig)
    PendSV_Handler                           0x08001645   Thumb Code     2  stm32f10x_it.o(i.PendSV_Handler)
    RCC_APB1PeriphClockCmd                   0x08001779   Thumb Code    18  stm32f10x_rcc.o(i.RCC_APB1PeriphClockCmd)
    RCC_APB2PeriphClockCmd                   0x08001791   Thumb Code    18  stm32f10x_rcc.o(i.RCC_APB2PeriphClockCmd)
    RCC_GetClocksFreq                        0x080017a9   Thumb Code   128  stm32f10x_rcc.o(i.RCC_GetClocksFreq)
    SVC_Handler                              0x08001839   Thumb Code     2  stm32f10x_it.o(i.SVC_Handler)
    SendToTCP                                0x0800183d   Thumb Code   236  am21e_tcp.o(i.SendToTCP)
    StrToInt                                 0x08001a75   Thumb Code    70  bsp_gps.o(i.StrToInt)
    StrToIntFix                              0x08001abb   Thumb Code    74  bsp_gps.o(i.StrToIntFix)
    SysTick_Handler                          0x08001b05   Thumb Code     4  bsp_timer.o(i.SysTick_Handler)
    SysTick_ISR                              0x08001b09   Thumb Code   112  bsp_timer.o(i.SysTick_ISR)
    SystemInit                               0x08001b81   Thumb Code    64  system_stm32f10x.o(i.SystemInit)
    TIM2_IRQHandler                          0x08001bd1   Thumb Code   142  bsp_timer.o(i.TIM2_IRQHandler)
    TIM_ClearITPendingBit                    0x08001c65   Thumb Code     6  stm32f10x_tim.o(i.TIM_ClearITPendingBit)
    TIM_Cmd                                  0x08001c6b   Thumb Code    20  stm32f10x_tim.o(i.TIM_Cmd)
    TIM_GetITStatus                          0x08001c7f   Thumb Code    24  stm32f10x_tim.o(i.TIM_GetITStatus)
    TIM_ITConfig                             0x08001c97   Thumb Code    16  stm32f10x_tim.o(i.TIM_ITConfig)
    TIM_TimeBaseInit                         0x08001ca9   Thumb Code   114  stm32f10x_tim.o(i.TIM_TimeBaseInit)
    USART1_IRQHandler                        0x08001d45   Thumb Code     6  bsp_uart_fifo.o(i.USART1_IRQHandler)
    USART2_IRQHandler                        0x08001d51   Thumb Code     6  bsp_uart_fifo.o(i.USART2_IRQHandler)
    USART_ClearFlag                          0x08001d5d   Thumb Code     6  stm32f10x_usart.o(i.USART_ClearFlag)
    USART_Cmd                                0x08001d63   Thumb Code    20  stm32f10x_usart.o(i.USART_Cmd)
    USART_GetITStatus                        0x08001d77   Thumb Code    62  stm32f10x_usart.o(i.USART_GetITStatus)
    USART_ITConfig                           0x08001db5   Thumb Code    48  stm32f10x_usart.o(i.USART_ITConfig)
    USART_Init                               0x08001de5   Thumb Code   166  stm32f10x_usart.o(i.USART_Init)
    USART_ReceiveData                        0x08001e91   Thumb Code     8  stm32f10x_usart.o(i.USART_ReceiveData)
    USART_SendData                           0x08001e99   Thumb Code     8  stm32f10x_usart.o(i.USART_SendData)
    UsageFault_Handler                       0x08001fc9   Thumb Code     2  stm32f10x_it.o(i.UsageFault_Handler)
    __0printf                                0x08001fcd   Thumb Code    22  printfa.o(i.__0printf)
    __1printf                                0x08001fcd   Thumb Code     0  printfa.o(i.__0printf)
    __2printf                                0x08001fcd   Thumb Code     0  printfa.o(i.__0printf)
    __c89printf                              0x08001fcd   Thumb Code     0  printfa.o(i.__0printf)
    printf                                   0x08001fcd   Thumb Code     0  printfa.o(i.__0printf)
    __0sprintf                               0x08001fed   Thumb Code    34  printfa.o(i.__0sprintf)
    __1sprintf                               0x08001fed   Thumb Code     0  printfa.o(i.__0sprintf)
    __2sprintf                               0x08001fed   Thumb Code     0  printfa.o(i.__0sprintf)
    __c89sprintf                             0x08001fed   Thumb Code     0  printfa.o(i.__0sprintf)
    sprintf                                  0x08001fed   Thumb Code     0  printfa.o(i.__0sprintf)
    __read_errno                             0x08002015   Thumb Code     6  errno.o(i.__read_errno)
    __scatterload_copy                       0x08002021   Thumb Code    14  handlers.o(i.__scatterload_copy)
    __scatterload_null                       0x0800202f   Thumb Code     2  handlers.o(i.__scatterload_null)
    __scatterload_zeroinit                   0x08002031   Thumb Code    14  handlers.o(i.__scatterload_zeroinit)
    __set_errno                              0x08002041   Thumb Code     6  errno.o(i.__set_errno)
    _is_digit                                0x080021d1   Thumb Code    14  scanf_fp.o(i._is_digit)
    atof                                     0x08002919   Thumb Code    42  atof.o(i.atof)
    bsp_CheckTimer                           0x08002945   Thumb Code    32  bsp_timer.o(i.bsp_CheckTimer)
    bsp_Idle                                 0x08002a15   Thumb Code     2  bsp.o(i.bsp_Idle)
    bsp_Init                                 0x08002a17   Thumb Code    26  bsp.o(i.bsp_Init)
    bsp_InitGprsToAM21E                      0x08002a31   Thumb Code    68  main.o(i.bsp_InitGprsToAM21E)
    bsp_InitHardTimer                        0x08002aad   Thumb Code    94  bsp_timer.o(i.bsp_InitHardTimer)
    bsp_InitKey                              0x08002b15   Thumb Code    14  bsp_key.o(i.bsp_InitKey)
    bsp_InitTimer                            0x08002c69   Thumb Code    84  bsp_timer.o(i.bsp_InitTimer)
    bsp_InitUart                             0x08002cc9   Thumb Code    56  bsp_uart_fifo.o(i.bsp_InitUart)
    bsp_KeyScan                              0x08002d01   Thumb Code    20  bsp_key.o(i.bsp_KeyScan)
    bsp_PutKey                               0x08002d15   Thumb Code    24  bsp_key.o(i.bsp_PutKey)
    bsp_RunPer10ms                           0x08002d31   Thumb Code     4  bsp.o(i.bsp_RunPer10ms)
    bsp_RunPer1ms                            0x08002d35   Thumb Code     2  bsp.o(i.bsp_RunPer1ms)
    bsp_StartTimer                           0x08002d39   Thumb Code    52  bsp_timer.o(i.bsp_StartTimer)
    comClearRxFifo                           0x08002db5   Thumb Code    20  bsp_uart_fifo.o(i.comClearRxFifo)
    comGetChar                               0x08002dc9   Thumb Code    76  bsp_uart_fifo.o(i.comGetChar)
    comSendBuf                               0x08002e15   Thumb Code   122  bsp_uart_fifo.o(i.comSendBuf)
    comSendChar                              0x08002e8f   Thumb Code    12  bsp_uart_fifo.o(i.comSendChar)
    fputc                                    0x08002e9b   Thumb Code    16  bsp_uart_fifo.o(i.fputc)
    free                                     0x08002ead   Thumb Code    76  malloc.o(i.free)
    gpsGPGGA                                 0x08002efd   Thumb Code   326  bsp_gps.o(i.gpsGPGGA)
    gpsGPGLL                                 0x0800304d   Thumb Code   234  bsp_gps.o(i.gpsGPGLL)
    gpsGPGSA                                 0x08003141   Thumb Code   140  bsp_gps.o(i.gpsGPGSA)
    gpsGPGSV                                 0x080031d1   Thumb Code   188  bsp_gps.o(i.gpsGPGSV)
    gpsGPRMC                                 0x08003291   Thumb Code   364  bsp_gps.o(i.gpsGPRMC)
    gpsGPVTG                                 0x08003405   Thumb Code   134  bsp_gps.o(i.gpsGPVTG)
    gps_pro                                  0x08003491   Thumb Code   102  bsp_gps.o(i.gps_pro)
    main                                     0x08003505   Thumb Code   174  main.o(i.main)
    malloc                                   0x0800361d   Thumb Code    92  malloc.o(i.malloc)
    __ctype_categories                       0x080036b8   Data          64  ctype_c.o(.constdata)
    Region$$Table$$Base                      0x080037b0   Number         0  anon$$obj.o(Region$$Table)
    Region$$Table$$Limit                     0x080037d0   Number         0  anon$$obj.o(Region$$Table)
    am_CSQ                                   0x20000000   Data           8  main.o(.data)
    g_iRunTime                               0x20000010   Data           4  bsp_timer.o(.data)
    SystemCoreClock                          0x2000003c   Data           4  system_stm32f10x.o(.data)
    AHBPrescTable                            0x20000040   Data          16  system_stm32f10x.o(.data)
    __stdout                                 0x20000050   Data           4  stdout.o(.data)
    __microlib_freelist                      0x20000054   Data           4  mvars.o(.data)
    __microlib_freelist_initialised          0x20000058   Data           4  mvars.o(.data)
    t_ATReadCMD                              0x20000060   Data          56  main.o(.bss)
    am_CIMI                                  0x20000098   Data          12  main.o(.bss)
    am_LAT                                   0x200000a4   Data          64  main.o(.bss)
    am_LON                                   0x200000e4   Data          64  main.o(.bss)
    am_SPEED                                 0x20000124   Data          12  main.o(.bss)
    am_ALTITUDE                              0x20000130   Data          12  main.o(.bss)
    g_tGPS                                   0x2000166c   Data         120  bsp_gps.o(.bss)
    __heap_base                              0x200016e8   Data           0  startup_stm32f10x_hd.o(HEAP)
    __heap_limit                             0x200046e8   Data           0  startup_stm32f10x_hd.o(HEAP)
    __initial_sp                             0x20004ee8   Data           0  startup_stm32f10x_hd.o(STACK)



==============================================================================

Memory Map of the image

  Image Entry point : 0x08000131

  Load Region LR_IROM1 (Base: 0x08000000, Size: 0x00003830, Max: 0x00040000, ABSOLUTE)

    Execution Region ER_IROM1 (Exec base: 0x08000000, Load base: 0x08000000, Size: 0x000037d0, Max: 0x00040000, ABSOLUTE)

    Exec Addr    Load Addr    Size         Type   Attr      Idx    E Section Name        Object

    0x08000000   0x08000000   0x00000130   Data   RO          901    RESET               startup_stm32f10x_hd.o
    0x08000130   0x08000130   0x00000000   Code   RO         2050  * .ARM.Collect$$$$00000000  mc_w.l(entry.o)
    0x08000130   0x08000130   0x00000004   Code   RO         2362    .ARM.Collect$$$$00000001  mc_w.l(entry2.o)
    0x08000134   0x08000134   0x00000004   Code   RO         2365    .ARM.Collect$$$$00000004  mc_w.l(entry5.o)
    0x08000138   0x08000138   0x00000000   Code   RO         2367    .ARM.Collect$$$$00000008  mc_w.l(entry7b.o)
    0x08000138   0x08000138   0x00000000   Code   RO         2369    .ARM.Collect$$$$0000000A  mc_w.l(entry8b.o)
    0x08000138   0x08000138   0x00000008   Code   RO         2370    .ARM.Collect$$$$0000000B  mc_w.l(entry9a.o)
    0x08000140   0x08000140   0x00000000   Code   RO         2372    .ARM.Collect$$$$0000000D  mc_w.l(entry10a.o)
    0x08000140   0x08000140   0x00000000   Code   RO         2374    .ARM.Collect$$$$0000000F  mc_w.l(entry11a.o)
    0x08000140   0x08000140   0x00000004   Code   RO         2363    .ARM.Collect$$$$00002712  mc_w.l(entry2.o)
    0x08000144   0x08000144   0x00000018   Code   RO          530    .emb_text           bsp.o
    0x0800015c   0x0800015c   0x00000024   Code   RO          902    .text               startup_stm32f10x_hd.o
    0x08000180   0x08000180   0x00000024   Code   RO         2053    .text               mc_w.l(memcpya.o)
    0x080001a4   0x080001a4   0x00000024   Code   RO         2055    .text               mc_w.l(memseta.o)
    0x080001c8   0x080001c8   0x00000014   Code   RO         2059    .text               mc_w.l(strchr.o)
    0x080001dc   0x080001dc   0x0000000e   Code   RO         2061    .text               mc_w.l(strlen.o)
    0x080001ea   0x080001ea   0x0000001a   Code   RO         2063    .text               mc_w.l(memcmp.o)
    0x08000204   0x08000204   0x0000014e   Code   RO         2356    .text               mf_w.l(dadd.o)
    0x08000352   0x08000352   0x000000de   Code   RO         2358    .text               mf_w.l(ddiv.o)
    0x08000430   0x08000430   0x0000001a   Code   RO         2360    .text               mf_w.l(dfltui.o)
    0x0800044a   0x0800044a   0x0000002c   Code   RO         2377    .text               mc_w.l(uidiv.o)
    0x08000476   0x08000476   0x00000062   Code   RO         2379    .text               mc_w.l(uldiv.o)
    0x080004d8   0x080004d8   0x0000001e   Code   RO         2381    .text               mc_w.l(llshl.o)
    0x080004f6   0x080004f6   0x00000024   Code   RO         2383    .text               mc_w.l(llsshr.o)
    0x0800051a   0x0800051a   0x00000002   PAD
    0x0800051c   0x0800051c   0x0000009c   Code   RO         2394    .text               mc_w.l(strtod.o)
    0x080005b8   0x080005b8   0x00000000   Code   RO         2396    .text               mc_w.l(iusefp.o)
    0x080005b8   0x080005b8   0x000000ba   Code   RO         2397    .text               mf_w.l(depilogue.o)
    0x08000672   0x08000672   0x000000e4   Code   RO         2399    .text               mf_w.l(dmul.o)
    0x08000756   0x08000756   0x00000030   Code   RO         2401    .text               mf_w.l(dfixul.o)
    0x08000786   0x08000786   0x00000002   PAD
    0x08000788   0x08000788   0x00000030   Code   RO         2403    .text               mf_w.l(cdrcmple.o)
    0x080007b8   0x080007b8   0x00000024   Code   RO         2405    .text               mc_w.l(init.o)
    0x080007dc   0x080007dc   0x00000020   Code   RO         2407    .text               mc_w.l(llushr.o)
    0x080007fc   0x080007fc   0x0000000a   Code   RO         2409    .text               mc_w.l(isspace_c.o)
    0x08000806   0x08000806   0x00000002   PAD
    0x08000808   0x08000808   0x00000360   Code   RO         2411    .text               mc_w.l(scanf_fp.o)
    0x08000b68   0x08000b68   0x00000040   Code   RO         2415    .text               mc_w.l(_sgetc.o)
    0x08000ba8   0x08000ba8   0x00000028   Code   RO         2417    .text               mc_w.l(ctype_c.o)
    0x08000bd0   0x08000bd0   0x00000018   Code   RO         2420    .text               mf_w.l(dfltul.o)
    0x08000be8   0x08000be8   0x00000038   Code   RO         2422    .text               mf_w.l(d2f.o)
    0x08000c20   0x08000c20   0x0000006e   Code   RO         2424    .text               mf_w.l(fepilogue.o)
    0x08000c8e   0x08000c8e   0x00000002   PAD
    0x08000c90   0x08000c90   0x000000f0   Code   RO            3    i.AM21E_init        main.o
    0x08000d80   0x08000d80   0x00000022   Code   RO            4    i.AT_GetToGPSData   main.o
    0x08000da2   0x08000da2   0x00000026   Code   RO          780    i.AT_SendToCmdData  bsp_gprs.o
    0x08000dc8   0x08000dc8   0x000000d4   Code   RO          659    i.Analyze0183       bsp_gps.o
    0x08000e9c   0x08000e9c   0x00000002   Code   RO          576    i.BusFault_Handler  stm32f10x_it.o
    0x08000e9e   0x08000e9e   0x00000062   Code   RO          660    i.CheckXor          bsp_gps.o
    0x08000f00   0x08000f00   0x0000001c   Code   RO          430    i.ComToUart         bsp_uart_fifo.o
    0x08000f1c   0x08000f1c   0x00000002   Code   RO          577    i.DebugMon_Handler  stm32f10x_it.o
    0x08000f1e   0x08000f1e   0x00000002   PAD
    0x08000f20   0x08000f20   0x0000016c   Code   RO            5    i.DispGPSStatus     main.o
    0x0800108c   0x0800108c   0x000000a2   Code   RO          958    i.GPIO_Init         stm32f10x_gpio.o
    0x0800112e   0x0800112e   0x00000002   PAD
    0x08001130   0x08001130   0x000000ec   Code   RO          784    i.GPRS_PowerOn      bsp_gprs.o
    0x0800121c   0x0800121c   0x00000008   Code   RO          785    i.GPRS_PrintRxData  bsp_gprs.o
    0x08001224   0x08001224   0x0000002c   Code   RO          787    i.GPRS_SendAT       bsp_gprs.o
    0x08001250   0x08001250   0x0000007e   Code   RO          788    i.GPRS_WaitResponse  bsp_gprs.o
    0x080012ce   0x080012ce   0x00000002   PAD
    0x080012d0   0x080012d0   0x00000068   Code   RO          578    i.HardFault_Handler  stm32f10x_it.o
    0x08001338   0x08001338   0x00000030   Code   RO          661    i.HexToAscii        bsp_gps.o
    0x08001368   0x08001368   0x00000120   Code   RO          431    i.InitHardUart      bsp_uart_fifo.o
    0x08001488   0x08001488   0x0000002c   Code   RO          183    i.IsKeyDown1        bsp_key.o
    0x080014b4   0x080014b4   0x0000002c   Code   RO          184    i.IsKeyDown10       bsp_key.o
    0x080014e0   0x080014e0   0x0000002c   Code   RO          185    i.IsKeyDown2        bsp_key.o
    0x0800150c   0x0800150c   0x0000002c   Code   RO          186    i.IsKeyDown3        bsp_key.o
    0x08001538   0x08001538   0x00000014   Code   RO          187    i.IsKeyDown4        bsp_key.o
    0x0800154c   0x0800154c   0x00000014   Code   RO          188    i.IsKeyDown5        bsp_key.o
    0x08001560   0x08001560   0x00000014   Code   RO          189    i.IsKeyDown6        bsp_key.o
    0x08001574   0x08001574   0x00000014   Code   RO          190    i.IsKeyDown7        bsp_key.o
    0x08001588   0x08001588   0x00000014   Code   RO          191    i.IsKeyDown8        bsp_key.o
    0x0800159c   0x0800159c   0x0000002c   Code   RO          192    i.IsKeyDown9        bsp_key.o
    0x080015c8   0x080015c8   0x00000002   Code   RO          579    i.MemManage_Handler  stm32f10x_it.o
    0x080015ca   0x080015ca   0x00000002   Code   RO          580    i.NMI_Handler       stm32f10x_it.o
    0x080015cc   0x080015cc   0x00000064   Code   RO          908    i.NVIC_Init         misc.o
    0x08001630   0x08001630   0x00000014   Code   RO          909    i.NVIC_PriorityGroupConfig  misc.o
    0x08001644   0x08001644   0x00000002   Code   RO          581    i.PendSV_Handler    stm32f10x_it.o
    0x08001646   0x08001646   0x00000002   PAD
    0x08001648   0x08001648   0x00000130   Code   RO            6    i.PrintfLogo        main.o
    0x08001778   0x08001778   0x00000018   Code   RO         1076    i.RCC_APB1PeriphClockCmd  stm32f10x_rcc.o
    0x08001790   0x08001790   0x00000018   Code   RO         1078    i.RCC_APB2PeriphClockCmd  stm32f10x_rcc.o
    0x080017a8   0x080017a8   0x00000090   Code   RO         1086    i.RCC_GetClocksFreq  stm32f10x_rcc.o
    0x08001838   0x08001838   0x00000002   Code   RO          582    i.SVC_Handler       stm32f10x_it.o
    0x0800183a   0x0800183a   0x00000002   PAD
    0x0800183c   0x0800183c   0x00000190   Code   RO          877    i.SendToTCP         am21e_tcp.o
    0x080019cc   0x080019cc   0x000000a8   Code   RO         2011    i.SetSysClockTo72   system_stm32f10x.o
    0x08001a74   0x08001a74   0x00000046   Code   RO          662    i.StrToInt          bsp_gps.o
    0x08001aba   0x08001aba   0x0000004a   Code   RO          663    i.StrToIntFix       bsp_gps.o
    0x08001b04   0x08001b04   0x00000004   Code   RO          316    i.SysTick_Handler   bsp_timer.o
    0x08001b08   0x08001b08   0x00000078   Code   RO          317    i.SysTick_ISR       bsp_timer.o
    0x08001b80   0x08001b80   0x00000050   Code   RO         2013    i.SystemInit        system_stm32f10x.o
    0x08001bd0   0x08001bd0   0x00000094   Code   RO          318    i.TIM2_IRQHandler   bsp_timer.o
    0x08001c64   0x08001c64   0x00000006   Code   RO         1291    i.TIM_ClearITPendingBit  stm32f10x_tim.o
    0x08001c6a   0x08001c6a   0x00000014   Code   RO         1296    i.TIM_Cmd           stm32f10x_tim.o
    0x08001c7e   0x08001c7e   0x00000018   Code   RO         1317    i.TIM_GetITStatus   stm32f10x_tim.o
    0x08001c96   0x08001c96   0x00000010   Code   RO         1321    i.TIM_ITConfig      stm32f10x_tim.o
    0x08001ca6   0x08001ca6   0x00000002   PAD
    0x08001ca8   0x08001ca8   0x0000009c   Code   RO         1367    i.TIM_TimeBaseInit  stm32f10x_tim.o
    0x08001d44   0x08001d44   0x0000000c   Code   RO          432    i.USART1_IRQHandler  bsp_uart_fifo.o
    0x08001d50   0x08001d50   0x0000000c   Code   RO          433    i.USART2_IRQHandler  bsp_uart_fifo.o
    0x08001d5c   0x08001d5c   0x00000006   Code   RO         1823    i.USART_ClearFlag   stm32f10x_usart.o
    0x08001d62   0x08001d62   0x00000014   Code   RO         1827    i.USART_Cmd         stm32f10x_usart.o
    0x08001d76   0x08001d76   0x0000003e   Code   RO         1831    i.USART_GetITStatus  stm32f10x_usart.o
    0x08001db4   0x08001db4   0x00000030   Code   RO         1833    i.USART_ITConfig    stm32f10x_usart.o
    0x08001de4   0x08001de4   0x000000ac   Code   RO         1834    i.USART_Init        stm32f10x_usart.o
    0x08001e90   0x08001e90   0x00000008   Code   RO         1841    i.USART_ReceiveData  stm32f10x_usart.o
    0x08001e98   0x08001e98   0x00000008   Code   RO         1844    i.USART_SendData    stm32f10x_usart.o
    0x08001ea0   0x08001ea0   0x000000c0   Code   RO          434    i.UartIRQ           bsp_uart_fifo.o
    0x08001f60   0x08001f60   0x00000068   Code   RO          435    i.UartVarInit       bsp_uart_fifo.o
    0x08001fc8   0x08001fc8   0x00000002   Code   RO          583    i.UsageFault_Handler  stm32f10x_it.o
    0x08001fca   0x08001fca   0x00000002   PAD
    0x08001fcc   0x08001fcc   0x00000020   Code   RO         2300    i.__0printf         mc_w.l(printfa.o)
    0x08001fec   0x08001fec   0x00000028   Code   RO         2302    i.__0sprintf        mc_w.l(printfa.o)
    0x08002014   0x08002014   0x0000000c   Code   RO         2388    i.__read_errno      mc_w.l(errno.o)
    0x08002020   0x08002020   0x0000000e   Code   RO         2428    i.__scatterload_copy  mc_w.l(handlers.o)
    0x0800202e   0x0800202e   0x00000002   Code   RO         2429    i.__scatterload_null  mc_w.l(handlers.o)
    0x08002030   0x08002030   0x0000000e   Code   RO         2430    i.__scatterload_zeroinit  mc_w.l(handlers.o)
    0x0800203e   0x0800203e   0x00000002   PAD
    0x08002040   0x08002040   0x0000000c   Code   RO         2389    i.__set_errno       mc_w.l(errno.o)
    0x0800204c   0x0800204c   0x00000184   Code   RO         2307    i._fp_digits        mc_w.l(printfa.o)
    0x080021d0   0x080021d0   0x0000000e   Code   RO         2413    i._is_digit         mc_w.l(scanf_fp.o)
    0x080021de   0x080021de   0x00000002   PAD
    0x080021e0   0x080021e0   0x000006dc   Code   RO         2308    i._printf_core      mc_w.l(printfa.o)
    0x080028bc   0x080028bc   0x00000024   Code   RO         2309    i._printf_post_padding  mc_w.l(printfa.o)
    0x080028e0   0x080028e0   0x0000002e   Code   RO         2310    i._printf_pre_padding  mc_w.l(printfa.o)
    0x0800290e   0x0800290e   0x0000000a   Code   RO         2312    i._sputc            mc_w.l(printfa.o)
    0x08002918   0x08002918   0x0000002a   Code   RO         2047    i.atof              m_ws.l(atof.o)
    0x08002942   0x08002942   0x00000002   PAD
    0x08002944   0x08002944   0x00000024   Code   RO          320    i.bsp_CheckTimer    bsp_timer.o
    0x08002968   0x08002968   0x000000ac   Code   RO          194    i.bsp_DetectKey     bsp_key.o
    0x08002a14   0x08002a14   0x00000002   Code   RO          531    i.bsp_Idle          bsp.o
    0x08002a16   0x08002a16   0x0000001a   Code   RO          532    i.bsp_Init          bsp.o
    0x08002a30   0x08002a30   0x0000007c   Code   RO            7    i.bsp_InitGprsToAM21E  main.o
    0x08002aac   0x08002aac   0x00000068   Code   RO          324    i.bsp_InitHardTimer  bsp_timer.o
    0x08002b14   0x08002b14   0x0000000e   Code   RO          198    i.bsp_InitKey       bsp_key.o
    0x08002b22   0x08002b22   0x00000002   PAD
    0x08002b24   0x08002b24   0x0000009c   Code   RO          199    i.bsp_InitKeyHard   bsp_key.o
    0x08002bc0   0x08002bc0   0x000000a8   Code   RO          200    i.bsp_InitKeyVar    bsp_key.o
    0x08002c68   0x08002c68   0x00000060   Code   RO          325    i.bsp_InitTimer     bsp_timer.o
    0x08002cc8   0x08002cc8   0x00000038   Code   RO          436    i.bsp_InitUart      bsp_uart_fifo.o
    0x08002d00   0x08002d00   0x00000014   Code   RO          201    i.bsp_KeyScan       bsp_key.o
    0x08002d14   0x08002d14   0x0000001c   Code   RO          202    i.bsp_PutKey        bsp_key.o
    0x08002d30   0x08002d30   0x00000004   Code   RO          533    i.bsp_RunPer10ms    bsp.o
    0x08002d34   0x08002d34   0x00000002   Code   RO          534    i.bsp_RunPer1ms     bsp.o
    0x08002d36   0x08002d36   0x00000002   PAD
    0x08002d38   0x08002d38   0x0000007c   Code   RO          328    i.bsp_StartTimer    bsp_timer.o
    0x08002db4   0x08002db4   0x00000014   Code   RO          437    i.comClearRxFifo    bsp_uart_fifo.o
    0x08002dc8   0x08002dc8   0x0000004c   Code   RO          439    i.comGetChar        bsp_uart_fifo.o
    0x08002e14   0x08002e14   0x0000007a   Code   RO          440    i.comSendBuf        bsp_uart_fifo.o
    0x08002e8e   0x08002e8e   0x0000000c   Code   RO          441    i.comSendChar       bsp_uart_fifo.o
    0x08002e9a   0x08002e9a   0x00000010   Code   RO          443    i.fputc             bsp_uart_fifo.o
    0x08002eaa   0x08002eaa   0x00000002   PAD
    0x08002eac   0x08002eac   0x00000050   Code   RO         2328    i.free              mc_w.l(malloc.o)
    0x08002efc   0x08002efc   0x00000150   Code   RO          666    i.gpsGPGGA          bsp_gps.o
    0x0800304c   0x0800304c   0x000000f4   Code   RO          667    i.gpsGPGLL          bsp_gps.o
    0x08003140   0x08003140   0x00000090   Code   RO          668    i.gpsGPGSA          bsp_gps.o
    0x080031d0   0x080031d0   0x000000c0   Code   RO          669    i.gpsGPGSV          bsp_gps.o
    0x08003290   0x08003290   0x00000174   Code   RO          670    i.gpsGPRMC          bsp_gps.o
    0x08003404   0x08003404   0x0000008c   Code   RO          671    i.gpsGPVTG          bsp_gps.o
    0x08003490   0x08003490   0x00000074   Code   RO          674    i.gps_pro           bsp_gps.o
    0x08003504   0x08003504   0x00000118   Code   RO            8    i.main              main.o
    0x0800361c   0x0800361c   0x0000006c   Code   RO         2329    i.malloc            mc_w.l(malloc.o)
    0x08003688   0x08003688   0x00000030   Data   RO          331    .constdata          bsp_timer.o
    0x080036b8   0x080036b8   0x00000040   Data   RO         2418    .constdata          mc_w.l(ctype_c.o)
    0x080036f8   0x080036f8   0x000000b8   Data   RO           10    .conststring        main.o
    0x080037b0   0x080037b0   0x00000020   Data   RO         2426    Region$$Table       anon$$obj.o


    Execution Region RW_IRAM1 (Exec base: 0x20000000, Load base: 0x080037d0, Size: 0x00004ee8, Max: 0x0000c000, ABSOLUTE)

    Exec Addr    Load Addr    Size         Type   Attr      Idx    E Section Name        Object

    0x20000000   0x080037d0   0x00000008   Data   RW           11    .data               main.o
    0x20000008   0x080037d8   0x0000001c   Data   RW          332    .data               bsp_timer.o
    0x20000024   0x080037f4   0x00000004   Data   RW          676    .data               bsp_gps.o
    0x20000028   0x080037f8   0x00000014   Data   RW         1106    .data               stm32f10x_rcc.o
    0x2000003c   0x0800380c   0x00000014   Data   RW         2014    .data               system_stm32f10x.o
    0x20000050   0x08003820   0x00000004   Data   RW         2376    .data               mc_w.l(stdout.o)
    0x20000054   0x08003824   0x00000004   Data   RW         2385    .data               mc_w.l(mvars.o)
    0x20000058   0x08003828   0x00000004   Data   RW         2386    .data               mc_w.l(mvars.o)
    0x2000005c   0x0800382c   0x00000004   Data   RW         2390    .data               mc_w.l(errno.o)
    0x20000060        -       0x000000dc   Zero   RW            9    .bss                main.o
    0x2000013c        -       0x000000ad   Zero   RW          204    .bss                bsp_key.o
    0x200001e9   0x08003830   0x00000003   PAD
    0x200001ec        -       0x00000030   Zero   RW          330    .bss                bsp_timer.o
    0x2000021c        -       0x00001050   Zero   RW          444    .bss                bsp_uart_fifo.o
    0x2000126c        -       0x00000478   Zero   RW          675    .bss                bsp_gps.o
    0x200016e4   0x08003830   0x00000004   PAD
    0x200016e8        -       0x00003000   Zero   RW          900    HEAP                startup_stm32f10x_hd.o
    0x200046e8        -       0x00000800   Zero   RW          899    STACK               startup_stm32f10x_hd.o


==============================================================================

Image component sizes


      Code (inc. data)   RO Data    RW Data    ZI Data      Debug   Object Name

       400        164          0          0          0       1108   am21e_tcp.o
        58          8          0          0          0       2203   bsp.o
       452         82          0          0          0       4041   bsp_gprs.o
      2046        106          0          4       1144      10904   bsp_gps.o
       878        154          0          0        173       9717   bsp_key.o
       632        112         48         28         48      30649   bsp_timer.o
       938         48          0          0       4176      10394   bsp_uart_fifo.o
      1346        590        184          8        220     264556   main.o
       120         16          0          0          0       1871   misc.o
        36          8        304          0      14336        932   startup_stm32f10x_hd.o
       162          0          0          0          0       2164   stm32f10x_gpio.o
       118         52          0          0          0       3920   stm32f10x_it.o
       192         28          0         20          0       4998   stm32f10x_rcc.o
       222         42          0          0          0       5053   stm32f10x_tim.o
       324          6          0          0          0       6857   stm32f10x_usart.o
       248         24          0         20          0       2149   system_stm32f10x.o

    ----------------------------------------------------------------------
      8192       1440        568         80      20104     361516   Object Totals
         0          0         32          0          0          0   (incl. Generated)
        20          0          0          0          7          0   (incl. Padding)

    ----------------------------------------------------------------------

      Code (inc. data)   RO Data    RW Data    ZI Data      Debug   Library Member Name

        42          0          0          0          0         84   atof.o
        64          0          0          0          0         84   _sgetc.o
        40          6         64          0          0         68   ctype_c.o
         0          0          0          0          0          0   entry.o
         0          0          0          0          0          0   entry10a.o
         0          0          0          0          0          0   entry11a.o
         8          4          0          0          0          0   entry2.o
         4          0          0          0          0          0   entry5.o
         0          0          0          0          0          0   entry7b.o
         0          0          0          0          0          0   entry8b.o
         8          4          0          0          0          0   entry9a.o
        24         12          0          4          0        136   errno.o
        30          0          0          0          0          0   handlers.o
        36          8          0          0          0         68   init.o
        10          0          0          0          0         68   isspace_c.o
         0          0          0          0          0          0   iusefp.o
        30          0          0          0          0         68   llshl.o
        36          0          0          0          0         68   llsshr.o
        32          0          0          0          0         68   llushr.o
       188         20          0          0          0        160   malloc.o
        26          0          0          0          0         80   memcmp.o
        36          0          0          0          0         68   memcpya.o
        36          0          0          0          0        108   memseta.o
         0          0          0          8          0          0   mvars.o
      2308         96          0          0          0        604   printfa.o
       878         12          0          0          0        216   scanf_fp.o
         0          0          0          4          0          0   stdout.o
        20          0          0          0          0         68   strchr.o
        14          0          0          0          0         68   strlen.o
       156         12          0          0          0        120   strtod.o
        44          0          0          0          0         80   uidiv.o
        98          0          0          0          0         92   uldiv.o
        48          0          0          0          0         68   cdrcmple.o
        56          0          0          0          0         88   d2f.o
       334          0          0          0          0        148   dadd.o
       222          0          0          0          0        100   ddiv.o
       186          0          0          0          0        176   depilogue.o
        48          0          0          0          0         68   dfixul.o
        26          0          0          0          0         76   dfltui.o
        24          0          0          0          0         76   dfltul.o
       228          0          0          0          0         96   dmul.o
       110          0          0          0          0        168   fepilogue.o

    ----------------------------------------------------------------------
      5464        174         64         16          0       3440   Library Totals
        14          0          0          0          0          0   (incl. Padding)

    ----------------------------------------------------------------------

      Code (inc. data)   RO Data    RW Data    ZI Data      Debug   Library Name

        42          0          0          0          0         84   m_ws.l
      4126        174         64         16          0       2292   mc_w.l
      1282          0          0          0          0       1064   mf_w.l

    ----------------------------------------------------------------------
      5464        174         64         16          0       3440   Library Totals

    ----------------------------------------------------------------------

==============================================================================


      Code (inc. data)   RO Data    RW Data    ZI Data      Debug   

     13656       1614        632         96      20104     358608   Grand Totals
     13656       1614        632         96      20104     358608   ELF Image Totals
     13656       1614        632         96          0          0   ROM Totals

==============================================================================

    Total RO  Size (Code + RO Data)                14288 (  13.95kB)
    Total RW  Size (RW Data + ZI Data)             20200 (  19.73kB)
    Total ROM Size (Code + RO Data + RW Data)      14384 (  14.05kB)

==============================================================================

